{"__type":"$$EventMessageWorkflow","id":"1b725a52-a455-4b2d-8949-e9fa106926ea","ts":"2026-01-29T13:33:30.719+00:00","eventName":"n8n.workflow.started","message":"n8n.workflow.started","payload":{"executionId":"24","workflowId":"o7uPRFJUL35VhQJWgKc_B","isManual":false,"workflowName":"My workflow"}}
{"__type":"$$EventMessageConfirm","confirm":"1b725a52-a455-4b2d-8949-e9fa106926ea","ts":"2026-01-29T13:33:30.721+00:00","source":{"id":"0","name":"eventBus"}}
{"__type":"$$EventMessageNode","id":"1c4980ee-9258-440b-a6d1-dd9eb0821888","ts":"2026-01-29T13:33:30.734+00:00","eventName":"n8n.node.started","message":"n8n.node.started","payload":{"workflowId":"o7uPRFJUL35VhQJWgKc_B","workflowName":"My workflow","executionId":"24","nodeType":"n8n-nodes-base.manualTrigger","nodeName":"When clicking ‘Execute workflow’","nodeId":"61e30d14-fcad-4091-8aa4-a17caa174245"}}
{"__type":"$$EventMessageConfirm","confirm":"1c4980ee-9258-440b-a6d1-dd9eb0821888","ts":"2026-01-29T13:33:30.734+00:00","source":{"id":"0","name":"eventBus"}}
{"__type":"$$EventMessageNode","id":"dac630e2-0f69-4d77-ad27-422fe96d81f3","ts":"2026-01-29T13:33:30.747+00:00","eventName":"n8n.node.finished","message":"n8n.node.finished","payload":{"workflowId":"o7uPRFJUL35VhQJWgKc_B","workflowName":"My workflow","executionId":"24","nodeType":"n8n-nodes-base.manualTrigger","nodeName":"When clicking ‘Execute workflow’","nodeId":"61e30d14-fcad-4091-8aa4-a17caa174245"}}
{"__type":"$$EventMessageConfirm","confirm":"dac630e2-0f69-4d77-ad27-422fe96d81f3","ts":"2026-01-29T13:33:30.749+00:00","source":{"id":"0","name":"eventBus"}}
{"__type":"$$EventMessageNode","id":"f5295f81-9ae6-4476-9453-6fcb6b171ae8","ts":"2026-01-29T13:33:30.752+00:00","eventName":"n8n.node.started","message":"n8n.node.started","payload":{"workflowId":"o7uPRFJUL35VhQJWgKc_B","workflowName":"My workflow","executionId":"24","nodeType":"n8n-nodes-base.microsoftOneDrive","nodeName":"Get a file","nodeId":"eff45a3f-d9fd-49e6-b4d4-c1a484dba2f2"}}
{"__type":"$$EventMessageConfirm","confirm":"f5295f81-9ae6-4476-9453-6fcb6b171ae8","ts":"2026-01-29T13:33:30.753+00:00","source":{"id":"0","name":"eventBus"}}
{"__type":"$$EventMessageNode","id":"d37d8f88-5385-48d6-9895-a1ac3c27844d","ts":"2026-01-29T13:33:30.930+00:00","eventName":"n8n.node.finished","message":"n8n.node.finished","payload":{"workflowId":"o7uPRFJUL35VhQJWgKc_B","workflowName":"My workflow","executionId":"24","nodeType":"n8n-nodes-base.microsoftOneDrive","nodeName":"Get a file","nodeId":"eff45a3f-d9fd-49e6-b4d4-c1a484dba2f2"}}
{"__type":"$$EventMessageConfirm","confirm":"d37d8f88-5385-48d6-9895-a1ac3c27844d","ts":"2026-01-29T13:33:30.931+00:00","source":{"id":"0","name":"eventBus"}}
{"__type":"$$EventMessageWorkflow","id":"7d24b67d-1e6e-4a84-9ca9-915614f15441","ts":"2026-01-29T13:33:30.965+00:00","eventName":"n8n.workflow.failed","message":"n8n.workflow.failed","payload":{"userId":"1820e7cf-5321-40e4-a3b8-4302991ce355","executionId":"24","success":false,"isManual":true,"workflowId":"o7uPRFJUL35VhQJWgKc_B","workflowName":"My workflow","lastNodeExecuted":"Get a file","errorNodeType":"n8n-nodes-base.microsoftOneDrive","errorMessage":"Credential with ID \"oeVMwNeAGCSFEttl\" does not exist for type \"microsoftOneDriveOAuth2Api\"."}}
{"__type":"$$EventMessageConfirm","confirm":"7d24b67d-1e6e-4a84-9ca9-915614f15441","ts":"2026-01-29T13:33:30.965+00:00","source":{"id":"0","name":"eventBus"}}
{"__type":"$$EventMessageAudit","id":"48972775-ce37-44b6-bcf6-869e977c9bc0","ts":"2026-01-29T14:08:48.458+00:00","eventName":"n8n.audit.user.credentials.deleted","message":"n8n.audit.user.credentials.deleted","payload":{"userId":"1820e7cf-5321-40e4-a3b8-4302991ce355","_email":"papalassane2003@hotmail.com","_firstName":"Papa Alassane","_lastName":"SECK","globalRole":"global:owner","credentialType":"microsoftOneDriveOAuth2Api","credentialId":"KJKApT24iqzSzsGQ"}}
{"__type":"$$EventMessageConfirm","confirm":"48972775-ce37-44b6-bcf6-869e977c9bc0","ts":"2026-01-29T14:08:48.459+00:00","source":{"id":"0","name":"eventBus"}}
{"__type":"$$EventMessageWorkflow","id":"27ae6ba5-34e7-4225-9395-b1870986b8ee","ts":"2026-01-29T14:09:46.342+00:00","eventName":"n8n.workflow.started","message":"n8n.workflow.started","payload":{"executionId":"25","workflowId":"o7uPRFJUL35VhQJWgKc_B","isManual":false,"workflowName":"My workflow"}}
{"__type":"$$EventMessageConfirm","confirm":"27ae6ba5-34e7-4225-9395-b1870986b8ee","ts":"2026-01-29T14:09:46.342+00:00","source":{"id":"0","name":"eventBus"}}
{"__type":"$$EventMessageNode","id":"893e8b6e-207f-463f-8f7f-3ad299fff714","ts":"2026-01-29T14:09:46.352+00:00","eventName":"n8n.node.started","message":"n8n.node.started","payload":{"workflowId":"o7uPRFJUL35VhQJWgKc_B","workflowName":"My workflow","executionId":"25","nodeType":"n8n-nodes-base.microsoftOneDrive","nodeName":"Get a file","nodeId":"eff45a3f-d9fd-49e6-b4d4-c1a484dba2f2"}}
{"__type":"$$EventMessageConfirm","confirm":"893e8b6e-207f-463f-8f7f-3ad299fff714","ts":"2026-01-29T14:09:46.352+00:00","source":{"id":"0","name":"eventBus"}}
{"__type":"$$EventMessageNode","id":"e78d73fb-9a0d-4b08-91fd-8c2303d32ff3","ts":"2026-01-29T14:09:47.082+00:00","eventName":"n8n.node.finished","message":"n8n.node.finished","payload":{"workflowId":"o7uPRFJUL35VhQJWgKc_B","workflowName":"My workflow","executionId":"25","nodeType":"n8n-nodes-base.microsoftOneDrive","nodeName":"Get a file","nodeId":"eff45a3f-d9fd-49e6-b4d4-c1a484dba2f2"}}
{"__type":"$$EventMessageConfirm","confirm":"e78d73fb-9a0d-4b08-91fd-8c2303d32ff3","ts":"2026-01-29T14:09:47.082+00:00","source":{"id":"0","name":"eventBus"}}
{"__type":"$$EventMessageWorkflow","id":"1a12ebe1-d6f0-43c4-ad6a-d4f0898b7092","ts":"2026-01-29T14:09:47.121+00:00","eventName":"n8n.workflow.failed","message":"n8n.workflow.failed","payload":{"userId":"1820e7cf-5321-40e4-a3b8-4302991ce355","executionId":"25","success":false,"isManual":true,"workflowId":"o7uPRFJUL35VhQJWgKc_B","workflowName":"My workflow","lastNodeExecuted":"Get a file","errorNodeType":"n8n-nodes-base.microsoftOneDrive","errorMessage":"connect ENETUNREACH 2603:1027:1:d0::6:443 - Local (:::0)"}}
{"__type":"$$EventMessageConfirm","confirm":"1a12ebe1-d6f0-43c4-ad6a-d4f0898b7092","ts":"2026-01-29T14:09:47.121+00:00","source":{"id":"0","name":"eventBus"}}
