{"__type":"$$EventMessageAudit","id":"aa5ad8e8-0b0e-4c87-9930-4b5331b9ae86","ts":"2026-01-22T13:26:56.280+00:00","eventName":"n8n.audit.user.credentials.created","message":"n8n.audit.user.credentials.created","payload":{"userId":"1820e7cf-5321-40e4-a3b8-4302991ce355","_email":"papalassane2003@hotmail.com","_firstName":"Papa Alassane","_lastName":"SECK","globalRole":"global:owner","credentialType":"microsoftOneDriveOAuth2Api","credentialId":"oeVMwNeAGCSFEttl","publicApi":false,"projectId":"rF5Z58dVqZUf5KZZ","projectType":"personal"}}
{"__type":"$$EventMessageConfirm","confirm":"aa5ad8e8-0b0e-4c87-9930-4b5331b9ae86","ts":"2026-01-22T13:26:56.281+00:00","source":{"id":"0","name":"eventBus"}}
{"__type":"$$EventMessageAudit","id":"2e6b4e15-6f10-4800-8eb9-f1092a47e9ef","ts":"2026-01-22T13:30:56.493+00:00","eventName":"n8n.audit.workflow.created","message":"n8n.audit.workflow.created","payload":{"userId":"1820e7cf-5321-40e4-a3b8-4302991ce355","_email":"papalassane2003@hotmail.com","_firstName":"Papa Alassane","_lastName":"SECK","globalRole":"global:owner","workflowId":"o7uPRFJUL35VhQJWgKc_B","workflowName":"My workflow"}}
{"__type":"$$EventMessageConfirm","confirm":"2e6b4e15-6f10-4800-8eb9-f1092a47e9ef","ts":"2026-01-22T13:30:56.493+00:00","source":{"id":"0","name":"eventBus"}}
{"__type":"$$EventMessageWorkflow","id":"99cb80a4-c25d-4891-9deb-45d4ec507ec8","ts":"2026-01-22T13:30:56.705+00:00","eventName":"n8n.workflow.started","message":"n8n.workflow.started","payload":{"executionId":"8","workflowId":"o7uPRFJUL35VhQJWgKc_B","isManual":false,"workflowName":"My workflow"}}
{"__type":"$$EventMessageConfirm","confirm":"99cb80a4-c25d-4891-9deb-45d4ec507ec8","ts":"2026-01-22T13:30:56.706+00:00","source":{"id":"0","name":"eventBus"}}
{"__type":"$$EventMessageNode","id":"80f28fa4-e003-46f3-a50a-1f7a6226b2f8","ts":"2026-01-22T13:30:56.708+00:00","eventName":"n8n.node.started","message":"n8n.node.started","payload":{"workflowId":"o7uPRFJUL35VhQJWgKc_B","workflowName":"My workflow","executionId":"8","nodeType":"n8n-nodes-base.manualTrigger","nodeName":"When clicking ‘Execute workflow’","nodeId":"61e30d14-fcad-4091-8aa4-a17caa174245"}}
{"__type":"$$EventMessageConfirm","confirm":"80f28fa4-e003-46f3-a50a-1f7a6226b2f8","ts":"2026-01-22T13:30:56.709+00:00","source":{"id":"0","name":"eventBus"}}
{"__type":"$$EventMessageNode","id":"20fc501e-d420-47c4-b771-0715cfd368f9","ts":"2026-01-22T13:30:56.718+00:00","eventName":"n8n.node.finished","message":"n8n.node.finished","payload":{"workflowId":"o7uPRFJUL35VhQJWgKc_B","workflowName":"My workflow","executionId":"8","nodeType":"n8n-nodes-base.manualTrigger","nodeName":"When clicking ‘Execute workflow’","nodeId":"61e30d14-fcad-4091-8aa4-a17caa174245"}}
{"__type":"$$EventMessageConfirm","confirm":"20fc501e-d420-47c4-b771-0715cfd368f9","ts":"2026-01-22T13:30:56.718+00:00","source":{"id":"0","name":"eventBus"}}
{"__type":"$$EventMessageNode","id":"6500fc92-c1cb-4f02-891c-0b96f2343ecd","ts":"2026-01-22T13:30:56.720+00:00","eventName":"n8n.node.started","message":"n8n.node.started","payload":{"workflowId":"o7uPRFJUL35VhQJWgKc_B","workflowName":"My workflow","executionId":"8","nodeType":"n8n-nodes-base.microsoftOneDrive","nodeName":"Get a file","nodeId":"eff45a3f-d9fd-49e6-b4d4-c1a484dba2f2"}}
{"__type":"$$EventMessageConfirm","confirm":"6500fc92-c1cb-4f02-891c-0b96f2343ecd","ts":"2026-01-22T13:30:56.720+00:00","source":{"id":"0","name":"eventBus"}}
{"__type":"$$EventMessageNode","id":"51d109b7-d8ad-40c0-820a-563b2c06142b","ts":"2026-01-22T13:30:56.815+00:00","eventName":"n8n.node.finished","message":"n8n.node.finished","payload":{"workflowId":"o7uPRFJUL35VhQJWgKc_B","workflowName":"My workflow","executionId":"8","nodeType":"n8n-nodes-base.microsoftOneDrive","nodeName":"Get a file","nodeId":"eff45a3f-d9fd-49e6-b4d4-c1a484dba2f2"}}
{"__type":"$$EventMessageConfirm","confirm":"51d109b7-d8ad-40c0-820a-563b2c06142b","ts":"2026-01-22T13:30:56.825+00:00","source":{"id":"0","name":"eventBus"}}
{"__type":"$$EventMessageWorkflow","id":"f3a6ee2b-fc79-4e9b-8abf-97d8681e0dba","ts":"2026-01-22T13:30:56.841+00:00","eventName":"n8n.workflow.failed","message":"n8n.workflow.failed","payload":{"userId":"1820e7cf-5321-40e4-a3b8-4302991ce355","executionId":"8","success":false,"isManual":true,"workflowId":"o7uPRFJUL35VhQJWgKc_B","workflowName":"My workflow","lastNodeExecuted":"Get a file","errorNodeType":"n8n-nodes-base.microsoftOneDrive","errorMessage":"Unable to sign without access token"}}
{"__type":"$$EventMessageConfirm","confirm":"f3a6ee2b-fc79-4e9b-8abf-97d8681e0dba","ts":"2026-01-22T13:30:56.841+00:00","source":{"id":"0","name":"eventBus"}}
{"__type":"$$EventMessageWorkflow","id":"a2564962-73e3-4057-989f-a367e300829e","ts":"2026-01-22T13:31:30.277+00:00","eventName":"n8n.workflow.started","message":"n8n.workflow.started","payload":{"executionId":"9","workflowId":"o7uPRFJUL35VhQJWgKc_B","isManual":false,"workflowName":"My workflow"}}
{"__type":"$$EventMessageConfirm","confirm":"a2564962-73e3-4057-989f-a367e300829e","ts":"2026-01-22T13:31:30.277+00:00","source":{"id":"0","name":"eventBus"}}
{"__type":"$$EventMessageNode","id":"5c425469-58aa-45f7-8171-18b342b39850","ts":"2026-01-22T13:31:30.280+00:00","eventName":"n8n.node.started","message":"n8n.node.started","payload":{"workflowId":"o7uPRFJUL35VhQJWgKc_B","workflowName":"My workflow","executionId":"9","nodeType":"n8n-nodes-base.microsoftOneDrive","nodeName":"Get a file","nodeId":"eff45a3f-d9fd-49e6-b4d4-c1a484dba2f2"}}
{"__type":"$$EventMessageConfirm","confirm":"5c425469-58aa-45f7-8171-18b342b39850","ts":"2026-01-22T13:31:30.282+00:00","source":{"id":"0","name":"eventBus"}}
{"__type":"$$EventMessageNode","id":"752b665f-9dc3-43f0-b1bd-833b33c05a09","ts":"2026-01-22T13:31:30.300+00:00","eventName":"n8n.node.finished","message":"n8n.node.finished","payload":{"workflowId":"o7uPRFJUL35VhQJWgKc_B","workflowName":"My workflow","executionId":"9","nodeType":"n8n-nodes-base.microsoftOneDrive","nodeName":"Get a file","nodeId":"eff45a3f-d9fd-49e6-b4d4-c1a484dba2f2"}}
{"__type":"$$EventMessageConfirm","confirm":"752b665f-9dc3-43f0-b1bd-833b33c05a09","ts":"2026-01-22T13:31:30.300+00:00","source":{"id":"0","name":"eventBus"}}
{"__type":"$$EventMessageWorkflow","id":"57cc8508-0bb7-4567-9884-4c5626aa0c9e","ts":"2026-01-22T13:31:30.306+00:00","eventName":"n8n.workflow.failed","message":"n8n.workflow.failed","payload":{"userId":"1820e7cf-5321-40e4-a3b8-4302991ce355","executionId":"9","success":false,"isManual":true,"workflowId":"o7uPRFJUL35VhQJWgKc_B","workflowName":"My workflow","lastNodeExecuted":"Get a file","errorNodeType":"n8n-nodes-base.microsoftOneDrive","errorMessage":"Unable to sign without access token"}}
{"__type":"$$EventMessageConfirm","confirm":"57cc8508-0bb7-4567-9884-4c5626aa0c9e","ts":"2026-01-22T13:31:30.307+00:00","source":{"id":"0","name":"eventBus"}}
{"__type":"$$EventMessageAudit","id":"1a6d8e82-efc0-45b7-83d7-3f25635cd534","ts":"2026-01-22T13:32:05.682+00:00","eventName":"n8n.audit.user.credentials.updated","message":"n8n.audit.user.credentials.updated","payload":{"userId":"1820e7cf-5321-40e4-a3b8-4302991ce355","_email":"papalassane2003@hotmail.com","_firstName":"Papa Alassane","_lastName":"SECK","globalRole":"global:owner","credentialType":"microsoftOneDriveOAuth2Api","credentialId":"oeVMwNeAGCSFEttl"}}
{"__type":"$$EventMessageConfirm","confirm":"1a6d8e82-efc0-45b7-83d7-3f25635cd534","ts":"2026-01-22T13:32:05.683+00:00","source":{"id":"0","name":"eventBus"}}
{"__type":"$$EventMessageWorkflow","id":"20efef5d-b390-429f-84be-ddbceab14215","ts":"2026-01-22T13:33:31.849+00:00","eventName":"n8n.workflow.started","message":"n8n.workflow.started","payload":{"executionId":"10","workflowId":"o7uPRFJUL35VhQJWgKc_B","isManual":false,"workflowName":"My workflow"}}
{"__type":"$$EventMessageConfirm","confirm":"20efef5d-b390-429f-84be-ddbceab14215","ts":"2026-01-22T13:33:31.849+00:00","source":{"id":"0","name":"eventBus"}}
{"__type":"$$EventMessageNode","id":"3236e472-af18-4870-8de1-912cc6360141","ts":"2026-01-22T13:33:31.851+00:00","eventName":"n8n.node.started","message":"n8n.node.started","payload":{"workflowId":"o7uPRFJUL35VhQJWgKc_B","workflowName":"My workflow","executionId":"10","nodeType":"n8n-nodes-base.microsoftOneDrive","nodeName":"Get a file","nodeId":"eff45a3f-d9fd-49e6-b4d4-c1a484dba2f2"}}
{"__type":"$$EventMessageConfirm","confirm":"3236e472-af18-4870-8de1-912cc6360141","ts":"2026-01-22T13:33:31.851+00:00","source":{"id":"0","name":"eventBus"}}
{"__type":"$$EventMessageNode","id":"3e22501f-29ab-46b5-831d-f74acf00bf76","ts":"2026-01-22T13:33:33.574+00:00","eventName":"n8n.node.finished","message":"n8n.node.finished","payload":{"workflowId":"o7uPRFJUL35VhQJWgKc_B","workflowName":"My workflow","executionId":"10","nodeType":"n8n-nodes-base.microsoftOneDrive","nodeName":"Get a file","nodeId":"eff45a3f-d9fd-49e6-b4d4-c1a484dba2f2"}}
{"__type":"$$EventMessageConfirm","confirm":"3e22501f-29ab-46b5-831d-f74acf00bf76","ts":"2026-01-22T13:33:33.575+00:00","source":{"id":"0","name":"eventBus"}}
{"__type":"$$EventMessageWorkflow","id":"5ed6356b-4d44-4fe4-a6ea-31dabbc5a516","ts":"2026-01-22T13:33:33.586+00:00","eventName":"n8n.workflow.failed","message":"n8n.workflow.failed","payload":{"userId":"1820e7cf-5321-40e4-a3b8-4302991ce355","executionId":"10","success":false,"isManual":true,"workflowId":"o7uPRFJUL35VhQJWgKc_B","workflowName":"My workflow","lastNodeExecuted":"Get a file","errorNodeType":"n8n-nodes-base.microsoftOneDrive","errorMessage":"Bad request - please check your parameters"}}
{"__type":"$$EventMessageConfirm","confirm":"5ed6356b-4d44-4fe4-a6ea-31dabbc5a516","ts":"2026-01-22T13:33:33.587+00:00","source":{"id":"0","name":"eventBus"}}
{"__type":"$$EventMessageWorkflow","id":"1c63280a-b8da-43dd-be40-bd1f964b9e73","ts":"2026-01-22T13:35:07.915+00:00","eventName":"n8n.workflow.started","message":"n8n.workflow.started","payload":{"executionId":"11","workflowId":"o7uPRFJUL35VhQJWgKc_B","isManual":false,"workflowName":"My workflow"}}
{"__type":"$$EventMessageConfirm","confirm":"1c63280a-b8da-43dd-be40-bd1f964b9e73","ts":"2026-01-22T13:35:07.915+00:00","source":{"id":"0","name":"eventBus"}}
{"__type":"$$EventMessageNode","id":"3abf13b2-1ef2-4a8d-bac3-aaaf37d6d68e","ts":"2026-01-22T13:35:07.917+00:00","eventName":"n8n.node.started","message":"n8n.node.started","payload":{"workflowId":"o7uPRFJUL35VhQJWgKc_B","workflowName":"My workflow","executionId":"11","nodeType":"n8n-nodes-base.microsoftOneDrive","nodeName":"Download a file","nodeId":"eff45a3f-d9fd-49e6-b4d4-c1a484dba2f2"}}
{"__type":"$$EventMessageConfirm","confirm":"3abf13b2-1ef2-4a8d-bac3-aaaf37d6d68e","ts":"2026-01-22T13:35:07.917+00:00","source":{"id":"0","name":"eventBus"}}
{"__type":"$$EventMessageNode","id":"226ce3f0-241a-4ba9-a405-a1a2023444d2","ts":"2026-01-22T13:35:09.724+00:00","eventName":"n8n.node.finished","message":"n8n.node.finished","payload":{"workflowId":"o7uPRFJUL35VhQJWgKc_B","workflowName":"My workflow","executionId":"11","nodeType":"n8n-nodes-base.microsoftOneDrive","nodeName":"Download a file","nodeId":"eff45a3f-d9fd-49e6-b4d4-c1a484dba2f2"}}
{"__type":"$$EventMessageConfirm","confirm":"226ce3f0-241a-4ba9-a405-a1a2023444d2","ts":"2026-01-22T13:35:09.724+00:00","source":{"id":"0","name":"eventBus"}}
{"__type":"$$EventMessageWorkflow","id":"f3361a18-3399-45bd-8e62-1cf7061ca856","ts":"2026-01-22T13:35:09.739+00:00","eventName":"n8n.workflow.failed","message":"n8n.workflow.failed","payload":{"userId":"1820e7cf-5321-40e4-a3b8-4302991ce355","executionId":"11","success":false,"isManual":true,"workflowId":"o7uPRFJUL35VhQJWgKc_B","workflowName":"My workflow","lastNodeExecuted":"Download a file","errorNodeType":"n8n-nodes-base.microsoftOneDrive","errorMessage":"Bad request - please check your parameters"}}
{"__type":"$$EventMessageConfirm","confirm":"f3361a18-3399-45bd-8e62-1cf7061ca856","ts":"2026-01-22T13:35:09.739+00:00","source":{"id":"0","name":"eventBus"}}
{"__type":"$$EventMessageWorkflow","id":"3dcff26e-66da-4445-871d-ab09cd9b37ec","ts":"2026-01-22T13:36:49.543+00:00","eventName":"n8n.workflow.started","message":"n8n.workflow.started","payload":{"executionId":"12","workflowId":"o7uPRFJUL35VhQJWgKc_B","isManual":false,"workflowName":"My workflow"}}
{"__type":"$$EventMessageConfirm","confirm":"3dcff26e-66da-4445-871d-ab09cd9b37ec","ts":"2026-01-22T13:36:49.544+00:00","source":{"id":"0","name":"eventBus"}}
{"__type":"$$EventMessageNode","id":"661ed3c2-9675-4710-84f7-985b66c02169","ts":"2026-01-22T13:36:49.546+00:00","eventName":"n8n.node.started","message":"n8n.node.started","payload":{"workflowId":"o7uPRFJUL35VhQJWgKc_B","workflowName":"My workflow","executionId":"12","nodeType":"n8n-nodes-base.microsoftOneDrive","nodeName":"Get a file","nodeId":"eff45a3f-d9fd-49e6-b4d4-c1a484dba2f2"}}
{"__type":"$$EventMessageConfirm","confirm":"661ed3c2-9675-4710-84f7-985b66c02169","ts":"2026-01-22T13:36:49.547+00:00","source":{"id":"0","name":"eventBus"}}
{"__type":"$$EventMessageNode","id":"f9008a60-9592-4ae3-add6-015190344cd8","ts":"2026-01-22T13:36:51.017+00:00","eventName":"n8n.node.finished","message":"n8n.node.finished","payload":{"workflowId":"o7uPRFJUL35VhQJWgKc_B","workflowName":"My workflow","executionId":"12","nodeType":"n8n-nodes-base.microsoftOneDrive","nodeName":"Get a file","nodeId":"eff45a3f-d9fd-49e6-b4d4-c1a484dba2f2"}}
{"__type":"$$EventMessageConfirm","confirm":"f9008a60-9592-4ae3-add6-015190344cd8","ts":"2026-01-22T13:36:51.017+00:00","source":{"id":"0","name":"eventBus"}}
{"__type":"$$EventMessageWorkflow","id":"fe113efa-ffb1-4d1c-a141-d410ceb01730","ts":"2026-01-22T13:36:51.032+00:00","eventName":"n8n.workflow.failed","message":"n8n.workflow.failed","payload":{"userId":"1820e7cf-5321-40e4-a3b8-4302991ce355","executionId":"12","success":false,"isManual":true,"workflowId":"o7uPRFJUL35VhQJWgKc_B","workflowName":"My workflow","lastNodeExecuted":"Get a file","errorNodeType":"n8n-nodes-base.microsoftOneDrive","errorMessage":"Bad request - please check your parameters"}}
{"__type":"$$EventMessageConfirm","confirm":"fe113efa-ffb1-4d1c-a141-d410ceb01730","ts":"2026-01-22T13:36:51.033+00:00","source":{"id":"0","name":"eventBus"}}
{"__type":"$$EventMessageAudit","id":"7725f395-9dd0-4947-a891-340c11f80edc","ts":"2026-01-22T13:37:14.731+00:00","eventName":"n8n.audit.user.credentials.updated","message":"n8n.audit.user.credentials.updated","payload":{"userId":"1820e7cf-5321-40e4-a3b8-4302991ce355","_email":"papalassane2003@hotmail.com","_firstName":"Papa Alassane","_lastName":"SECK","globalRole":"global:owner","credentialType":"microsoftOneDriveOAuth2Api","credentialId":"KJKApT24iqzSzsGQ"}}
{"__type":"$$EventMessageConfirm","confirm":"7725f395-9dd0-4947-a891-340c11f80edc","ts":"2026-01-22T13:37:14.731+00:00","source":{"id":"0","name":"eventBus"}}
{"__type":"$$EventMessageAudit","id":"6438217c-97a6-4d40-b7e9-2224666c055b","ts":"2026-01-22T13:40:56.013+00:00","eventName":"n8n.audit.workflow.updated","message":"n8n.audit.workflow.updated","payload":{"userId":"1820e7cf-5321-40e4-a3b8-4302991ce355","_email":"papalassane2003@hotmail.com","_firstName":"Papa Alassane","_lastName":"SECK","globalRole":"global:owner","workflowId":"o7uPRFJUL35VhQJWgKc_B","workflowName":"My workflow"}}
{"__type":"$$EventMessageConfirm","confirm":"6438217c-97a6-4d40-b7e9-2224666c055b","ts":"2026-01-22T13:40:56.013+00:00","source":{"id":"0","name":"eventBus"}}
{"__type":"$$EventMessageWorkflow","id":"fdc233af-a928-4f6c-bdb8-c6efbe43b66a","ts":"2026-01-22T13:41:17.583+00:00","eventName":"n8n.workflow.started","message":"n8n.workflow.started","payload":{"executionId":"13","workflowId":"o7uPRFJUL35VhQJWgKc_B","isManual":false,"workflowName":"My workflow"}}
{"__type":"$$EventMessageConfirm","confirm":"fdc233af-a928-4f6c-bdb8-c6efbe43b66a","ts":"2026-01-22T13:41:17.584+00:00","source":{"id":"0","name":"eventBus"}}
{"__type":"$$EventMessageNode","id":"fafa94b4-f71f-4953-929f-31b59488490b","ts":"2026-01-22T13:41:17.591+00:00","eventName":"n8n.node.started","message":"n8n.node.started","payload":{"workflowId":"o7uPRFJUL35VhQJWgKc_B","workflowName":"My workflow","executionId":"13","nodeType":"n8n-nodes-base.manualTrigger","nodeName":"When clicking ‘Execute workflow’","nodeId":"61e30d14-fcad-4091-8aa4-a17caa174245"}}
{"__type":"$$EventMessageConfirm","confirm":"fafa94b4-f71f-4953-929f-31b59488490b","ts":"2026-01-22T13:41:17.591+00:00","source":{"id":"0","name":"eventBus"}}
{"__type":"$$EventMessageNode","id":"6ed22e59-4745-49bb-844c-1d21fe4b9810","ts":"2026-01-22T13:41:17.593+00:00","eventName":"n8n.node.finished","message":"n8n.node.finished","payload":{"workflowId":"o7uPRFJUL35VhQJWgKc_B","workflowName":"My workflow","executionId":"13","nodeType":"n8n-nodes-base.manualTrigger","nodeName":"When clicking ‘Execute workflow’","nodeId":"61e30d14-fcad-4091-8aa4-a17caa174245"}}
{"__type":"$$EventMessageConfirm","confirm":"6ed22e59-4745-49bb-844c-1d21fe4b9810","ts":"2026-01-22T13:41:17.593+00:00","source":{"id":"0","name":"eventBus"}}
{"__type":"$$EventMessageNode","id":"982ac47d-ba22-430e-bd55-8c2f392e91dc","ts":"2026-01-22T13:41:17.595+00:00","eventName":"n8n.node.started","message":"n8n.node.started","payload":{"workflowId":"o7uPRFJUL35VhQJWgKc_B","workflowName":"My workflow","executionId":"13","nodeType":"n8n-nodes-base.microsoftOneDrive","nodeName":"Get a file","nodeId":"eff45a3f-d9fd-49e6-b4d4-c1a484dba2f2"}}
{"__type":"$$EventMessageConfirm","confirm":"982ac47d-ba22-430e-bd55-8c2f392e91dc","ts":"2026-01-22T13:41:17.595+00:00","source":{"id":"0","name":"eventBus"}}
{"__type":"$$EventMessageNode","id":"f5d8fd67-df9f-4cba-a528-88caa34edba1","ts":"2026-01-22T13:41:18.248+00:00","eventName":"n8n.node.finished","message":"n8n.node.finished","payload":{"workflowId":"o7uPRFJUL35VhQJWgKc_B","workflowName":"My workflow","executionId":"13","nodeType":"n8n-nodes-base.microsoftOneDrive","nodeName":"Get a file","nodeId":"eff45a3f-d9fd-49e6-b4d4-c1a484dba2f2"}}
{"__type":"$$EventMessageConfirm","confirm":"f5d8fd67-df9f-4cba-a528-88caa34edba1","ts":"2026-01-22T13:41:18.248+00:00","source":{"id":"0","name":"eventBus"}}
{"__type":"$$EventMessageWorkflow","id":"555a0064-2e72-4d13-a67c-27e354409f56","ts":"2026-01-22T13:41:18.257+00:00","eventName":"n8n.workflow.failed","message":"n8n.workflow.failed","payload":{"userId":"1820e7cf-5321-40e4-a3b8-4302991ce355","executionId":"13","success":false,"isManual":true,"workflowId":"o7uPRFJUL35VhQJWgKc_B","workflowName":"My workflow","lastNodeExecuted":"Get a file","errorNodeType":"n8n-nodes-base.microsoftOneDrive","errorMessage":"Bad request - please check your parameters"}}
{"__type":"$$EventMessageConfirm","confirm":"555a0064-2e72-4d13-a67c-27e354409f56","ts":"2026-01-22T13:41:18.257+00:00","source":{"id":"0","name":"eventBus"}}
{"__type":"$$EventMessageWorkflow","id":"20222cf5-bc1a-4e71-8f83-473ffe99db97","ts":"2026-01-22T13:57:39.839+00:00","eventName":"n8n.workflow.started","message":"n8n.workflow.started","payload":{"executionId":"14","workflowId":"o7uPRFJUL35VhQJWgKc_B","isManual":false,"workflowName":"My workflow"}}
{"__type":"$$EventMessageConfirm","confirm":"20222cf5-bc1a-4e71-8f83-473ffe99db97","ts":"2026-01-22T13:57:39.839+00:00","source":{"id":"0","name":"eventBus"}}
{"__type":"$$EventMessageNode","id":"13fcd2ce-05cd-4c1a-8c9a-661b920c77c2","ts":"2026-01-22T13:57:39.841+00:00","eventName":"n8n.node.started","message":"n8n.node.started","payload":{"workflowId":"o7uPRFJUL35VhQJWgKc_B","workflowName":"My workflow","executionId":"14","nodeType":"n8n-nodes-base.microsoftOneDrive","nodeName":"Copy a file","nodeId":"b96ac36c-9c01-46d2-8e63-173ef906d966"}}
{"__type":"$$EventMessageConfirm","confirm":"13fcd2ce-05cd-4c1a-8c9a-661b920c77c2","ts":"2026-01-22T13:57:39.841+00:00","source":{"id":"0","name":"eventBus"}}
{"__type":"$$EventMessageNode","id":"9a51878a-98a1-4eac-9f88-cbf14fea9473","ts":"2026-01-22T13:57:41.330+00:00","eventName":"n8n.node.finished","message":"n8n.node.finished","payload":{"workflowId":"o7uPRFJUL35VhQJWgKc_B","workflowName":"My workflow","executionId":"14","nodeType":"n8n-nodes-base.microsoftOneDrive","nodeName":"Copy a file","nodeId":"b96ac36c-9c01-46d2-8e63-173ef906d966"}}
{"__type":"$$EventMessageConfirm","confirm":"9a51878a-98a1-4eac-9f88-cbf14fea9473","ts":"2026-01-22T13:57:41.330+00:00","source":{"id":"0","name":"eventBus"}}
{"__type":"$$EventMessageWorkflow","id":"59973f72-c1ff-4ab9-8900-591a1c249476","ts":"2026-01-22T13:57:41.337+00:00","eventName":"n8n.workflow.failed","message":"n8n.workflow.failed","payload":{"userId":"1820e7cf-5321-40e4-a3b8-4302991ce355","executionId":"14","success":false,"isManual":true,"workflowId":"o7uPRFJUL35VhQJWgKc_B","workflowName":"My workflow","lastNodeExecuted":"Copy a file","errorNodeType":"n8n-nodes-base.microsoftOneDrive","errorMessage":"The resource you are requesting could not be found"}}
{"__type":"$$EventMessageConfirm","confirm":"59973f72-c1ff-4ab9-8900-591a1c249476","ts":"2026-01-22T13:57:41.337+00:00","source":{"id":"0","name":"eventBus"}}
{"__type":"$$EventMessageAudit","id":"0207158e-c33f-4afc-b772-fceb3a37664b","ts":"2026-01-22T14:02:54.420+00:00","eventName":"n8n.audit.user.credentials.created","message":"n8n.audit.user.credentials.created","payload":{"userId":"1820e7cf-5321-40e4-a3b8-4302991ce355","_email":"papalassane2003@hotmail.com","_firstName":"Papa Alassane","_lastName":"SECK","globalRole":"global:owner","credentialType":"microsoftOneDriveOAuth2Api","credentialId":"989kE9boGjImigjt","publicApi":false,"projectId":"rF5Z58dVqZUf5KZZ","projectType":"personal"}}
{"__type":"$$EventMessageConfirm","confirm":"0207158e-c33f-4afc-b772-fceb3a37664b","ts":"2026-01-22T14:02:54.421+00:00","source":{"id":"0","name":"eventBus"}}
{"__type":"$$EventMessageWorkflow","id":"ec47a8ca-debf-4cb9-9aec-17fe302e2eea","ts":"2026-01-26T03:20:57.156-05:00","eventName":"n8n.workflow.started","message":"n8n.workflow.started","payload":{"executionId":"15","workflowId":"o7uPRFJUL35VhQJWgKc_B","isManual":false,"workflowName":"My workflow"}}
{"__type":"$$EventMessageConfirm","confirm":"ec47a8ca-debf-4cb9-9aec-17fe302e2eea","ts":"2026-01-26T03:20:57.158-05:00","source":{"id":"0","name":"eventBus"}}
{"__type":"$$EventMessageNode","id":"a6e80c25-f2c7-40c4-8f75-c3f144bb1450","ts":"2026-01-26T03:20:57.164-05:00","eventName":"n8n.node.started","message":"n8n.node.started","payload":{"workflowId":"o7uPRFJUL35VhQJWgKc_B","workflowName":"My workflow","executionId":"15","nodeType":"n8n-nodes-base.manualTrigger","nodeName":"When clicking ‘Execute workflow’","nodeId":"61e30d14-fcad-4091-8aa4-a17caa174245"}}
{"__type":"$$EventMessageConfirm","confirm":"a6e80c25-f2c7-40c4-8f75-c3f144bb1450","ts":"2026-01-26T03:20:57.164-05:00","source":{"id":"0","name":"eventBus"}}
{"__type":"$$EventMessageNode","id":"907824c2-3ae7-43bd-8c33-c0b32793ebd7","ts":"2026-01-26T03:20:57.174-05:00","eventName":"n8n.node.finished","message":"n8n.node.finished","payload":{"workflowId":"o7uPRFJUL35VhQJWgKc_B","workflowName":"My workflow","executionId":"15","nodeType":"n8n-nodes-base.manualTrigger","nodeName":"When clicking ‘Execute workflow’","nodeId":"61e30d14-fcad-4091-8aa4-a17caa174245"}}
{"__type":"$$EventMessageConfirm","confirm":"907824c2-3ae7-43bd-8c33-c0b32793ebd7","ts":"2026-01-26T03:20:57.174-05:00","source":{"id":"0","name":"eventBus"}}
{"__type":"$$EventMessageNode","id":"c8f49860-d234-4271-9a8f-a7b03e1fde6f","ts":"2026-01-26T03:20:57.176-05:00","eventName":"n8n.node.started","message":"n8n.node.started","payload":{"workflowId":"o7uPRFJUL35VhQJWgKc_B","workflowName":"My workflow","executionId":"15","nodeType":"n8n-nodes-base.microsoftOneDrive","nodeName":"Download a file","nodeId":"eff45a3f-d9fd-49e6-b4d4-c1a484dba2f2"}}
{"__type":"$$EventMessageConfirm","confirm":"c8f49860-d234-4271-9a8f-a7b03e1fde6f","ts":"2026-01-26T03:20:57.176-05:00","source":{"id":"0","name":"eventBus"}}
{"__type":"$$EventMessageNode","id":"aa9072a9-e6ac-4388-a8b0-87b4e46f57b8","ts":"2026-01-26T03:21:00.197-05:00","eventName":"n8n.node.finished","message":"n8n.node.finished","payload":{"workflowId":"o7uPRFJUL35VhQJWgKc_B","workflowName":"My workflow","executionId":"15","nodeType":"n8n-nodes-base.microsoftOneDrive","nodeName":"Download a file","nodeId":"eff45a3f-d9fd-49e6-b4d4-c1a484dba2f2"}}
{"__type":"$$EventMessageConfirm","confirm":"aa9072a9-e6ac-4388-a8b0-87b4e46f57b8","ts":"2026-01-26T03:21:00.198-05:00","source":{"id":"0","name":"eventBus"}}
{"__type":"$$EventMessageWorkflow","id":"b0047597-4759-409b-a280-e9fe0f2d6c77","ts":"2026-01-26T03:21:00.214-05:00","eventName":"n8n.workflow.failed","message":"n8n.workflow.failed","payload":{"userId":"1820e7cf-5321-40e4-a3b8-4302991ce355","executionId":"15","success":false,"isManual":true,"workflowId":"o7uPRFJUL35VhQJWgKc_B","workflowName":"My workflow","lastNodeExecuted":"Download a file","errorNodeType":"n8n-nodes-base.microsoftOneDrive","errorMessage":"connect ENETUNREACH 2603:1026:3000:158::5:443 - Local (:::0)"}}
{"__type":"$$EventMessageConfirm","confirm":"b0047597-4759-409b-a280-e9fe0f2d6c77","ts":"2026-01-26T03:21:00.214-05:00","source":{"id":"0","name":"eventBus"}}
{"__type":"$$EventMessageAudit","id":"9b186b56-28d4-4867-bac9-14751609c9f9","ts":"2026-01-26T03:22:17.519-05:00","eventName":"n8n.audit.user.credentials.updated","message":"n8n.audit.user.credentials.updated","payload":{"userId":"1820e7cf-5321-40e4-a3b8-4302991ce355","_email":"papalassane2003@hotmail.com","_firstName":"Papa Alassane","_lastName":"SECK","globalRole":"global:owner","credentialType":"microsoftOneDriveOAuth2Api","credentialId":"oeVMwNeAGCSFEttl"}}
{"__type":"$$EventMessageConfirm","confirm":"9b186b56-28d4-4867-bac9-14751609c9f9","ts":"2026-01-26T03:22:17.520-05:00","source":{"id":"0","name":"eventBus"}}
{"__type":"$$EventMessageAudit","id":"66a45fb2-3c39-42a4-abfa-03e4e6f393fe","ts":"2026-01-26T03:23:23.511-05:00","eventName":"n8n.audit.user.credentials.deleted","message":"n8n.audit.user.credentials.deleted","payload":{"userId":"1820e7cf-5321-40e4-a3b8-4302991ce355","_email":"papalassane2003@hotmail.com","_firstName":"Papa Alassane","_lastName":"SECK","globalRole":"global:owner","credentialType":"microsoftOneDriveOAuth2Api","credentialId":"oeVMwNeAGCSFEttl"}}
{"__type":"$$EventMessageConfirm","confirm":"66a45fb2-3c39-42a4-abfa-03e4e6f393fe","ts":"2026-01-26T03:23:23.511-05:00","source":{"id":"0","name":"eventBus"}}
{"__type":"$$EventMessageWorkflow","id":"432d0eb6-7a33-4f0f-b4ea-2c60c7f32611","ts":"2026-01-26T03:23:40.185-05:00","eventName":"n8n.workflow.started","message":"n8n.workflow.started","payload":{"executionId":"16","workflowId":"o7uPRFJUL35VhQJWgKc_B","isManual":false,"workflowName":"My workflow"}}
{"__type":"$$EventMessageConfirm","confirm":"432d0eb6-7a33-4f0f-b4ea-2c60c7f32611","ts":"2026-01-26T03:23:40.185-05:00","source":{"id":"0","name":"eventBus"}}
{"__type":"$$EventMessageNode","id":"7a2ec84b-bf5e-4ff4-9302-757bb813974d","ts":"2026-01-26T03:23:40.187-05:00","eventName":"n8n.node.started","message":"n8n.node.started","payload":{"workflowId":"o7uPRFJUL35VhQJWgKc_B","workflowName":"My workflow","executionId":"16","nodeType":"n8n-nodes-base.microsoftOneDrive","nodeName":"Download a file","nodeId":"eff45a3f-d9fd-49e6-b4d4-c1a484dba2f2"}}
{"__type":"$$EventMessageConfirm","confirm":"7a2ec84b-bf5e-4ff4-9302-757bb813974d","ts":"2026-01-26T03:23:40.188-05:00","source":{"id":"0","name":"eventBus"}}
{"__type":"$$EventMessageNode","id":"a35ffebf-6bf0-4836-8ea7-a855cc53e312","ts":"2026-01-26T03:23:42.238-05:00","eventName":"n8n.node.finished","message":"n8n.node.finished","payload":{"workflowId":"o7uPRFJUL35VhQJWgKc_B","workflowName":"My workflow","executionId":"16","nodeType":"n8n-nodes-base.microsoftOneDrive","nodeName":"Download a file","nodeId":"eff45a3f-d9fd-49e6-b4d4-c1a484dba2f2"}}
{"__type":"$$EventMessageConfirm","confirm":"a35ffebf-6bf0-4836-8ea7-a855cc53e312","ts":"2026-01-26T03:23:42.238-05:00","source":{"id":"0","name":"eventBus"}}
{"__type":"$$EventMessageWorkflow","id":"f07ce1d1-eede-47f4-97d8-6b9c4b3cfdd5","ts":"2026-01-26T03:23:42.245-05:00","eventName":"n8n.workflow.failed","message":"n8n.workflow.failed","payload":{"userId":"1820e7cf-5321-40e4-a3b8-4302991ce355","executionId":"16","success":false,"isManual":true,"workflowId":"o7uPRFJUL35VhQJWgKc_B","workflowName":"My workflow","lastNodeExecuted":"Download a file","errorNodeType":"n8n-nodes-base.microsoftOneDrive","errorMessage":"Unable to sign without access token"}}
{"__type":"$$EventMessageConfirm","confirm":"f07ce1d1-eede-47f4-97d8-6b9c4b3cfdd5","ts":"2026-01-26T03:23:42.246-05:00","source":{"id":"0","name":"eventBus"}}
{"__type":"$$EventMessageWorkflow","id":"99315d90-6ed8-425b-812c-e6c13ae01109","ts":"2026-01-26T03:24:17.350-05:00","eventName":"n8n.workflow.started","message":"n8n.workflow.started","payload":{"executionId":"17","workflowId":"o7uPRFJUL35VhQJWgKc_B","isManual":false,"workflowName":"My workflow"}}
{"__type":"$$EventMessageConfirm","confirm":"99315d90-6ed8-425b-812c-e6c13ae01109","ts":"2026-01-26T03:24:17.350-05:00","source":{"id":"0","name":"eventBus"}}
{"__type":"$$EventMessageNode","id":"bebb402d-7800-428a-9eda-e1fffea6c30e","ts":"2026-01-26T03:24:17.357-05:00","eventName":"n8n.node.started","message":"n8n.node.started","payload":{"workflowId":"o7uPRFJUL35VhQJWgKc_B","workflowName":"My workflow","executionId":"17","nodeType":"n8n-nodes-base.microsoftOneDrive","nodeName":"Download a file","nodeId":"eff45a3f-d9fd-49e6-b4d4-c1a484dba2f2"}}
{"__type":"$$EventMessageConfirm","confirm":"bebb402d-7800-428a-9eda-e1fffea6c30e","ts":"2026-01-26T03:24:17.357-05:00","source":{"id":"0","name":"eventBus"}}
{"__type":"$$EventMessageNode","id":"a0d4ec5f-4b44-40e7-8777-7a274e3ccee1","ts":"2026-01-26T03:24:19.411-05:00","eventName":"n8n.node.finished","message":"n8n.node.finished","payload":{"workflowId":"o7uPRFJUL35VhQJWgKc_B","workflowName":"My workflow","executionId":"17","nodeType":"n8n-nodes-base.microsoftOneDrive","nodeName":"Download a file","nodeId":"eff45a3f-d9fd-49e6-b4d4-c1a484dba2f2"}}
{"__type":"$$EventMessageConfirm","confirm":"a0d4ec5f-4b44-40e7-8777-7a274e3ccee1","ts":"2026-01-26T03:24:19.412-05:00","source":{"id":"0","name":"eventBus"}}
{"__type":"$$EventMessageWorkflow","id":"89967050-e2ae-4cd9-855a-b3abcf168104","ts":"2026-01-26T03:24:19.425-05:00","eventName":"n8n.workflow.failed","message":"n8n.workflow.failed","payload":{"userId":"1820e7cf-5321-40e4-a3b8-4302991ce355","executionId":"17","success":false,"isManual":true,"workflowId":"o7uPRFJUL35VhQJWgKc_B","workflowName":"My workflow","lastNodeExecuted":"Download a file","errorNodeType":"n8n-nodes-base.microsoftOneDrive","errorMessage":"Unable to sign without access token"}}
{"__type":"$$EventMessageConfirm","confirm":"89967050-e2ae-4cd9-855a-b3abcf168104","ts":"2026-01-26T03:24:19.425-05:00","source":{"id":"0","name":"eventBus"}}
{"__type":"$$EventMessageAudit","id":"4ed123b8-9f3b-44e5-81cb-c36e86a18735","ts":"2026-01-26T03:38:19.142-05:00","eventName":"n8n.audit.user.credentials.created","message":"n8n.audit.user.credentials.created","payload":{"userId":"1820e7cf-5321-40e4-a3b8-4302991ce355","_email":"papalassane2003@hotmail.com","_firstName":"Papa Alassane","_lastName":"SECK","globalRole":"global:owner","credentialType":"microsoftOneDriveOAuth2Api","credentialId":"4mSTsMMGVsdYLPaq","publicApi":false,"projectId":"rF5Z58dVqZUf5KZZ","projectType":"personal"}}
{"__type":"$$EventMessageConfirm","confirm":"4ed123b8-9f3b-44e5-81cb-c36e86a18735","ts":"2026-01-26T03:38:19.142-05:00","source":{"id":"0","name":"eventBus"}}
{"__type":"$$EventMessageWorkflow","id":"9eb2c949-a3a4-4114-b696-d946b9dcaa44","ts":"2026-01-26T03:40:22.930-05:00","eventName":"n8n.workflow.started","message":"n8n.workflow.started","payload":{"executionId":"18","workflowId":"o7uPRFJUL35VhQJWgKc_B","isManual":false,"workflowName":"My workflow"}}
{"__type":"$$EventMessageConfirm","confirm":"9eb2c949-a3a4-4114-b696-d946b9dcaa44","ts":"2026-01-26T03:40:22.930-05:00","source":{"id":"0","name":"eventBus"}}
{"__type":"$$EventMessageNode","id":"b80755f3-6be3-4098-9e49-fd8de741cff0","ts":"2026-01-26T03:40:22.932-05:00","eventName":"n8n.node.started","message":"n8n.node.started","payload":{"workflowId":"o7uPRFJUL35VhQJWgKc_B","workflowName":"My workflow","executionId":"18","nodeType":"n8n-nodes-base.microsoftOneDrive","nodeName":"Download a file","nodeId":"eff45a3f-d9fd-49e6-b4d4-c1a484dba2f2"}}
{"__type":"$$EventMessageConfirm","confirm":"b80755f3-6be3-4098-9e49-fd8de741cff0","ts":"2026-01-26T03:40:22.932-05:00","source":{"id":"0","name":"eventBus"}}
{"__type":"$$EventMessageNode","id":"c85c0ac1-5943-42c2-b667-e1c258a6badd","ts":"2026-01-26T03:40:26.926-05:00","eventName":"n8n.node.finished","message":"n8n.node.finished","payload":{"workflowId":"o7uPRFJUL35VhQJWgKc_B","workflowName":"My workflow","executionId":"18","nodeType":"n8n-nodes-base.microsoftOneDrive","nodeName":"Download a file","nodeId":"eff45a3f-d9fd-49e6-b4d4-c1a484dba2f2"}}
{"__type":"$$EventMessageConfirm","confirm":"c85c0ac1-5943-42c2-b667-e1c258a6badd","ts":"2026-01-26T03:40:26.926-05:00","source":{"id":"0","name":"eventBus"}}
{"__type":"$$EventMessageWorkflow","id":"9fb7e853-7d75-4ae9-a0ba-40d5317a5e80","ts":"2026-01-26T03:40:26.933-05:00","eventName":"n8n.workflow.failed","message":"n8n.workflow.failed","payload":{"userId":"1820e7cf-5321-40e4-a3b8-4302991ce355","executionId":"18","success":false,"isManual":true,"workflowId":"o7uPRFJUL35VhQJWgKc_B","workflowName":"My workflow","lastNodeExecuted":"Download a file","errorNodeType":"n8n-nodes-base.microsoftOneDrive","errorMessage":"The resource you are requesting could not be found"}}
{"__type":"$$EventMessageConfirm","confirm":"9fb7e853-7d75-4ae9-a0ba-40d5317a5e80","ts":"2026-01-26T03:40:26.934-05:00","source":{"id":"0","name":"eventBus"}}
{"__type":"$$EventMessageWorkflow","id":"8b6d5702-5158-46cb-a2d6-8bc896e89795","ts":"2026-01-26T03:41:50.284-05:00","eventName":"n8n.workflow.started","message":"n8n.workflow.started","payload":{"executionId":"19","workflowId":"o7uPRFJUL35VhQJWgKc_B","isManual":false,"workflowName":"My workflow"}}
{"__type":"$$EventMessageConfirm","confirm":"8b6d5702-5158-46cb-a2d6-8bc896e89795","ts":"2026-01-26T03:41:50.284-05:00","source":{"id":"0","name":"eventBus"}}
{"__type":"$$EventMessageNode","id":"86a3fc1a-5528-41ef-9ade-fe2bef15776c","ts":"2026-01-26T03:41:50.286-05:00","eventName":"n8n.node.started","message":"n8n.node.started","payload":{"workflowId":"o7uPRFJUL35VhQJWgKc_B","workflowName":"My workflow","executionId":"19","nodeType":"n8n-nodes-base.microsoftOneDrive","nodeName":"Get a file","nodeId":"eff45a3f-d9fd-49e6-b4d4-c1a484dba2f2"}}
{"__type":"$$EventMessageConfirm","confirm":"86a3fc1a-5528-41ef-9ade-fe2bef15776c","ts":"2026-01-26T03:41:50.286-05:00","source":{"id":"0","name":"eventBus"}}
{"__type":"$$EventMessageNode","id":"5fbd8a19-f56d-4191-8e0a-3e5ae3f90a07","ts":"2026-01-26T03:41:55.261-05:00","eventName":"n8n.node.finished","message":"n8n.node.finished","payload":{"workflowId":"o7uPRFJUL35VhQJWgKc_B","workflowName":"My workflow","executionId":"19","nodeType":"n8n-nodes-base.microsoftOneDrive","nodeName":"Get a file","nodeId":"eff45a3f-d9fd-49e6-b4d4-c1a484dba2f2"}}
{"__type":"$$EventMessageConfirm","confirm":"5fbd8a19-f56d-4191-8e0a-3e5ae3f90a07","ts":"2026-01-26T03:41:55.261-05:00","source":{"id":"0","name":"eventBus"}}
{"__type":"$$EventMessageWorkflow","id":"0c40ef62-f841-4be1-a9c9-22cc1638f0d7","ts":"2026-01-26T03:41:55.268-05:00","eventName":"n8n.workflow.failed","message":"n8n.workflow.failed","payload":{"userId":"1820e7cf-5321-40e4-a3b8-4302991ce355","executionId":"19","success":false,"isManual":true,"workflowId":"o7uPRFJUL35VhQJWgKc_B","workflowName":"My workflow","lastNodeExecuted":"Get a file","errorNodeType":"n8n-nodes-base.microsoftOneDrive","errorMessage":"The resource you are requesting could not be found"}}
{"__type":"$$EventMessageConfirm","confirm":"0c40ef62-f841-4be1-a9c9-22cc1638f0d7","ts":"2026-01-26T03:41:55.269-05:00","source":{"id":"0","name":"eventBus"}}
{"__type":"$$EventMessageWorkflow","id":"4ad94e70-9cca-42eb-9f9e-715c9f7cc4e9","ts":"2026-01-26T03:46:46.867-05:00","eventName":"n8n.workflow.started","message":"n8n.workflow.started","payload":{"executionId":"20","workflowId":"o7uPRFJUL35VhQJWgKc_B","isManual":false,"workflowName":"My workflow"}}
{"__type":"$$EventMessageConfirm","confirm":"4ad94e70-9cca-42eb-9f9e-715c9f7cc4e9","ts":"2026-01-26T03:46:46.867-05:00","source":{"id":"0","name":"eventBus"}}
{"__type":"$$EventMessageNode","id":"8d51a88a-e57a-4cbc-8e42-ce52c56bc809","ts":"2026-01-26T03:46:46.869-05:00","eventName":"n8n.node.started","message":"n8n.node.started","payload":{"workflowId":"o7uPRFJUL35VhQJWgKc_B","workflowName":"My workflow","executionId":"20","nodeType":"n8n-nodes-base.microsoftOneDrive","nodeName":"Get a file","nodeId":"eff45a3f-d9fd-49e6-b4d4-c1a484dba2f2"}}
{"__type":"$$EventMessageConfirm","confirm":"8d51a88a-e57a-4cbc-8e42-ce52c56bc809","ts":"2026-01-26T03:46:46.869-05:00","source":{"id":"0","name":"eventBus"}}
{"__type":"$$EventMessageNode","id":"aa09ae8b-9967-4344-a4ca-2a54c8adb7bd","ts":"2026-01-26T03:46:51.703-05:00","eventName":"n8n.node.finished","message":"n8n.node.finished","payload":{"workflowId":"o7uPRFJUL35VhQJWgKc_B","workflowName":"My workflow","executionId":"20","nodeType":"n8n-nodes-base.microsoftOneDrive","nodeName":"Get a file","nodeId":"eff45a3f-d9fd-49e6-b4d4-c1a484dba2f2"}}
{"__type":"$$EventMessageConfirm","confirm":"aa09ae8b-9967-4344-a4ca-2a54c8adb7bd","ts":"2026-01-26T03:46:51.703-05:00","source":{"id":"0","name":"eventBus"}}
{"__type":"$$EventMessageWorkflow","id":"e1526301-9324-49f7-9fe5-f6600c78702e","ts":"2026-01-26T03:46:51.720-05:00","eventName":"n8n.workflow.failed","message":"n8n.workflow.failed","payload":{"userId":"1820e7cf-5321-40e4-a3b8-4302991ce355","executionId":"20","success":false,"isManual":true,"workflowId":"o7uPRFJUL35VhQJWgKc_B","workflowName":"My workflow","lastNodeExecuted":"Get a file","errorNodeType":"n8n-nodes-base.microsoftOneDrive","errorMessage":"Bad request - please check your parameters"}}
{"__type":"$$EventMessageConfirm","confirm":"e1526301-9324-49f7-9fe5-f6600c78702e","ts":"2026-01-26T03:46:51.721-05:00","source":{"id":"0","name":"eventBus"}}
{"__type":"$$EventMessageWorkflow","id":"b6ac5bb8-275b-4f94-917a-d4c4436a0cd4","ts":"2026-01-26T03:47:48.581-05:00","eventName":"n8n.workflow.started","message":"n8n.workflow.started","payload":{"executionId":"21","workflowId":"o7uPRFJUL35VhQJWgKc_B","isManual":false,"workflowName":"My workflow"}}
{"__type":"$$EventMessageConfirm","confirm":"b6ac5bb8-275b-4f94-917a-d4c4436a0cd4","ts":"2026-01-26T03:47:48.582-05:00","source":{"id":"0","name":"eventBus"}}
{"__type":"$$EventMessageNode","id":"a2ee28ab-f86e-468b-9e79-55a708a4d41a","ts":"2026-01-26T03:47:48.583-05:00","eventName":"n8n.node.started","message":"n8n.node.started","payload":{"workflowId":"o7uPRFJUL35VhQJWgKc_B","workflowName":"My workflow","executionId":"21","nodeType":"n8n-nodes-base.microsoftOneDrive","nodeName":"Get a file","nodeId":"eff45a3f-d9fd-49e6-b4d4-c1a484dba2f2"}}
{"__type":"$$EventMessageConfirm","confirm":"a2ee28ab-f86e-468b-9e79-55a708a4d41a","ts":"2026-01-26T03:47:48.583-05:00","source":{"id":"0","name":"eventBus"}}
{"__type":"$$EventMessageNode","id":"ad216e13-1e48-4854-80c1-466ee06f2e70","ts":"2026-01-26T03:47:49.330-05:00","eventName":"n8n.node.finished","message":"n8n.node.finished","payload":{"workflowId":"o7uPRFJUL35VhQJWgKc_B","workflowName":"My workflow","executionId":"21","nodeType":"n8n-nodes-base.microsoftOneDrive","nodeName":"Get a file","nodeId":"eff45a3f-d9fd-49e6-b4d4-c1a484dba2f2"}}
{"__type":"$$EventMessageConfirm","confirm":"ad216e13-1e48-4854-80c1-466ee06f2e70","ts":"2026-01-26T03:47:49.330-05:00","source":{"id":"0","name":"eventBus"}}
{"__type":"$$EventMessageWorkflow","id":"0cc3727c-483a-42da-ad62-7a0ec442443c","ts":"2026-01-26T03:47:49.345-05:00","eventName":"n8n.workflow.failed","message":"n8n.workflow.failed","payload":{"userId":"1820e7cf-5321-40e4-a3b8-4302991ce355","executionId":"21","success":false,"isManual":true,"workflowId":"o7uPRFJUL35VhQJWgKc_B","workflowName":"My workflow","lastNodeExecuted":"Get a file","errorNodeType":"n8n-nodes-base.microsoftOneDrive","errorMessage":"Bad request - please check your parameters"}}
{"__type":"$$EventMessageConfirm","confirm":"0cc3727c-483a-42da-ad62-7a0ec442443c","ts":"2026-01-26T03:47:49.345-05:00","source":{"id":"0","name":"eventBus"}}
{"__type":"$$EventMessageWorkflow","id":"d928f5b6-9993-41b4-9b29-2b1d63c82fee","ts":"2026-01-26T03:51:05.185-05:00","eventName":"n8n.workflow.started","message":"n8n.workflow.started","payload":{"executionId":"22","workflowId":"o7uPRFJUL35VhQJWgKc_B","isManual":false,"workflowName":"My workflow"}}
{"__type":"$$EventMessageConfirm","confirm":"d928f5b6-9993-41b4-9b29-2b1d63c82fee","ts":"2026-01-26T03:51:05.185-05:00","source":{"id":"0","name":"eventBus"}}
{"__type":"$$EventMessageNode","id":"84da0744-771e-4257-80a1-796a99f5ef35","ts":"2026-01-26T03:51:05.188-05:00","eventName":"n8n.node.started","message":"n8n.node.started","payload":{"workflowId":"o7uPRFJUL35VhQJWgKc_B","workflowName":"My workflow","executionId":"22","nodeType":"n8n-nodes-base.microsoftOneDrive","nodeName":"Get a file","nodeId":"eff45a3f-d9fd-49e6-b4d4-c1a484dba2f2"}}
{"__type":"$$EventMessageConfirm","confirm":"84da0744-771e-4257-80a1-796a99f5ef35","ts":"2026-01-26T03:51:05.188-05:00","source":{"id":"0","name":"eventBus"}}
{"__type":"$$EventMessageNode","id":"8a218630-6351-437d-b5cb-0337abda4497","ts":"2026-01-26T03:51:06.391-05:00","eventName":"n8n.node.finished","message":"n8n.node.finished","payload":{"workflowId":"o7uPRFJUL35VhQJWgKc_B","workflowName":"My workflow","executionId":"22","nodeType":"n8n-nodes-base.microsoftOneDrive","nodeName":"Get a file","nodeId":"eff45a3f-d9fd-49e6-b4d4-c1a484dba2f2"}}
{"__type":"$$EventMessageConfirm","confirm":"8a218630-6351-437d-b5cb-0337abda4497","ts":"2026-01-26T03:51:06.391-05:00","source":{"id":"0","name":"eventBus"}}
{"__type":"$$EventMessageWorkflow","id":"a00f6bc0-5c6b-49a2-a025-8c2344c963c8","ts":"2026-01-26T03:51:06.396-05:00","eventName":"n8n.workflow.failed","message":"n8n.workflow.failed","payload":{"userId":"1820e7cf-5321-40e4-a3b8-4302991ce355","executionId":"22","success":false,"isManual":true,"workflowId":"o7uPRFJUL35VhQJWgKc_B","workflowName":"My workflow","lastNodeExecuted":"Get a file","errorNodeType":"n8n-nodes-base.microsoftOneDrive","errorMessage":"Bad request - please check your parameters"}}
{"__type":"$$EventMessageConfirm","confirm":"a00f6bc0-5c6b-49a2-a025-8c2344c963c8","ts":"2026-01-26T03:51:06.396-05:00","source":{"id":"0","name":"eventBus"}}
{"__type":"$$EventMessageWorkflow","id":"12d7901a-c808-407b-8595-e05fcb29482f","ts":"2026-01-26T03:56:39.447-05:00","eventName":"n8n.workflow.started","message":"n8n.workflow.started","payload":{"executionId":"23","workflowId":"o7uPRFJUL35VhQJWgKc_B","isManual":false,"workflowName":"My workflow"}}
{"__type":"$$EventMessageConfirm","confirm":"12d7901a-c808-407b-8595-e05fcb29482f","ts":"2026-01-26T03:56:39.447-05:00","source":{"id":"0","name":"eventBus"}}
{"__type":"$$EventMessageNode","id":"3ce2de0e-fd86-46d6-9e6b-ea5cf4bc0413","ts":"2026-01-26T03:56:39.449-05:00","eventName":"n8n.node.started","message":"n8n.node.started","payload":{"workflowId":"o7uPRFJUL35VhQJWgKc_B","workflowName":"My workflow","executionId":"23","nodeType":"n8n-nodes-base.microsoftOneDrive","nodeName":"Search a file","nodeId":"eff45a3f-d9fd-49e6-b4d4-c1a484dba2f2"}}
{"__type":"$$EventMessageConfirm","confirm":"3ce2de0e-fd86-46d6-9e6b-ea5cf4bc0413","ts":"2026-01-26T03:56:39.449-05:00","source":{"id":"0","name":"eventBus"}}
{"__type":"$$EventMessageNode","id":"aaa42398-54a7-4459-9b3b-0bd491bd5f90","ts":"2026-01-26T03:56:39.876-05:00","eventName":"n8n.node.finished","message":"n8n.node.finished","payload":{"workflowId":"o7uPRFJUL35VhQJWgKc_B","workflowName":"My workflow","executionId":"23","nodeType":"n8n-nodes-base.microsoftOneDrive","nodeName":"Search a file","nodeId":"eff45a3f-d9fd-49e6-b4d4-c1a484dba2f2"}}
{"__type":"$$EventMessageConfirm","confirm":"aaa42398-54a7-4459-9b3b-0bd491bd5f90","ts":"2026-01-26T03:56:39.876-05:00","source":{"id":"0","name":"eventBus"}}
{"__type":"$$EventMessageWorkflow","id":"cbe74759-1e1d-4e0c-b534-e3d0e9346f36","ts":"2026-01-26T03:56:39.879-05:00","eventName":"n8n.workflow.failed","message":"n8n.workflow.failed","payload":{"userId":"1820e7cf-5321-40e4-a3b8-4302991ce355","executionId":"23","success":false,"isManual":true,"workflowId":"o7uPRFJUL35VhQJWgKc_B","workflowName":"My workflow","lastNodeExecuted":"Search a file","errorNodeType":"n8n-nodes-base.microsoftOneDrive","errorMessage":"Bad request - please check your parameters"}}
{"__type":"$$EventMessageConfirm","confirm":"cbe74759-1e1d-4e0c-b534-e3d0e9346f36","ts":"2026-01-26T03:56:39.880-05:00","source":{"id":"0","name":"eventBus"}}
