{"__type":"$$EventMessageWorkflow","id":"b7157bec-1e5a-493a-a511-ea7944f3fadc","ts":"2026-01-29T15:27:24.351+00:00","eventName":"n8n.workflow.failed","message":"n8n.workflow.failed","payload":{"userId":"1820e7cf-5321-40e4-a3b8-4302991ce355","executionId":"26","success":false,"isManual":true,"workflowId":"o7uPRFJUL35VhQJWgKc_B","workflowName":"My workflow","errorMessage":"The workflow has issues and cannot be executed for that reason. Please fix them first."}}
{"__type":"$$EventMessageConfirm","confirm":"b7157bec-1e5a-493a-a511-ea7944f3fadc","ts":"2026-01-29T15:27:24.352+00:00","source":{"id":"0","name":"eventBus"}}
{"__type":"$$EventMessageWorkflow","id":"0dc6a788-6a96-42d8-9ba9-1a58804abac2","ts":"2026-01-29T15:27:59.226+00:00","eventName":"n8n.workflow.started","message":"n8n.workflow.started","payload":{"executionId":"27","workflowId":"o7uPRFJUL35VhQJWgKc_B","isManual":false,"workflowName":"My workflow"}}
{"__type":"$$EventMessageConfirm","confirm":"0dc6a788-6a96-42d8-9ba9-1a58804abac2","ts":"2026-01-29T15:27:59.227+00:00","source":{"id":"0","name":"eventBus"}}
{"__type":"$$EventMessageNode","id":"4e48e475-3c62-48fa-b725-74a5eb2f5ede","ts":"2026-01-29T15:27:59.235+00:00","eventName":"n8n.node.started","message":"n8n.node.started","payload":{"workflowId":"o7uPRFJUL35VhQJWgKc_B","workflowName":"My workflow","executionId":"27","nodeType":"n8n-nodes-base.manualTrigger","nodeName":"When clicking ‘Execute workflow’","nodeId":"61e30d14-fcad-4091-8aa4-a17caa174245"}}
{"__type":"$$EventMessageConfirm","confirm":"4e48e475-3c62-48fa-b725-74a5eb2f5ede","ts":"2026-01-29T15:27:59.235+00:00","source":{"id":"0","name":"eventBus"}}
{"__type":"$$EventMessageNode","id":"60545609-dcae-4777-ad94-8813a29efaab","ts":"2026-01-29T15:27:59.245+00:00","eventName":"n8n.node.finished","message":"n8n.node.finished","payload":{"workflowId":"o7uPRFJUL35VhQJWgKc_B","workflowName":"My workflow","executionId":"27","nodeType":"n8n-nodes-base.manualTrigger","nodeName":"When clicking ‘Execute workflow’","nodeId":"61e30d14-fcad-4091-8aa4-a17caa174245"}}
{"__type":"$$EventMessageConfirm","confirm":"60545609-dcae-4777-ad94-8813a29efaab","ts":"2026-01-29T15:27:59.245+00:00","source":{"id":"0","name":"eventBus"}}
{"__type":"$$EventMessageWorkflow","id":"bcd36876-9b88-4e69-a555-7d6d2153a978","ts":"2026-01-29T15:27:59.262+00:00","eventName":"n8n.workflow.success","message":"n8n.workflow.success","payload":{"userId":"1820e7cf-5321-40e4-a3b8-4302991ce355","executionId":"27","success":true,"isManual":true,"workflowId":"o7uPRFJUL35VhQJWgKc_B","workflowName":"My workflow"}}
{"__type":"$$EventMessageConfirm","confirm":"bcd36876-9b88-4e69-a555-7d6d2153a978","ts":"2026-01-29T15:27:59.262+00:00","source":{"id":"0","name":"eventBus"}}
{"__type":"$$EventMessageWorkflow","id":"1cdb70c2-b31a-4994-8778-ac2ca66276c5","ts":"2026-01-29T15:28:46.034+00:00","eventName":"n8n.workflow.started","message":"n8n.workflow.started","payload":{"executionId":"28","workflowId":"o7uPRFJUL35VhQJWgKc_B","isManual":false,"workflowName":"My workflow"}}
{"__type":"$$EventMessageConfirm","confirm":"1cdb70c2-b31a-4994-8778-ac2ca66276c5","ts":"2026-01-29T15:28:46.035+00:00","source":{"id":"0","name":"eventBus"}}
{"__type":"$$EventMessageNode","id":"ce49cec3-8abb-4464-aa37-6803478fb104","ts":"2026-01-29T15:28:46.040+00:00","eventName":"n8n.node.started","message":"n8n.node.started","payload":{"workflowId":"o7uPRFJUL35VhQJWgKc_B","workflowName":"My workflow","executionId":"28","nodeType":"n8n-nodes-base.splitOut","nodeName":"Split Out","nodeId":"26a71d5d-ffeb-4f9f-b534-9ead2fe4ed9e"}}
{"__type":"$$EventMessageConfirm","confirm":"ce49cec3-8abb-4464-aa37-6803478fb104","ts":"2026-01-29T15:28:46.040+00:00","source":{"id":"0","name":"eventBus"}}
{"__type":"$$EventMessageNode","id":"4859e545-e76e-45f5-8b24-5169209e2881","ts":"2026-01-29T15:28:46.047+00:00","eventName":"n8n.node.finished","message":"n8n.node.finished","payload":{"workflowId":"o7uPRFJUL35VhQJWgKc_B","workflowName":"My workflow","executionId":"28","nodeType":"n8n-nodes-base.splitOut","nodeName":"Split Out","nodeId":"26a71d5d-ffeb-4f9f-b534-9ead2fe4ed9e"}}
{"__type":"$$EventMessageConfirm","confirm":"4859e545-e76e-45f5-8b24-5169209e2881","ts":"2026-01-29T15:28:46.047+00:00","source":{"id":"0","name":"eventBus"}}
{"__type":"$$EventMessageWorkflow","id":"16f0b132-8de3-4ac5-889b-5b6538534033","ts":"2026-01-29T15:28:46.052+00:00","eventName":"n8n.workflow.success","message":"n8n.workflow.success","payload":{"userId":"1820e7cf-5321-40e4-a3b8-4302991ce355","executionId":"28","success":true,"isManual":true,"workflowId":"o7uPRFJUL35VhQJWgKc_B","workflowName":"My workflow"}}
{"__type":"$$EventMessageConfirm","confirm":"16f0b132-8de3-4ac5-889b-5b6538534033","ts":"2026-01-29T15:28:46.054+00:00","source":{"id":"0","name":"eventBus"}}
{"__type":"$$EventMessageAudit","id":"68b531e3-6a11-41b4-a193-427c5ab6bd9b","ts":"2026-01-29T15:31:26.183+00:00","eventName":"n8n.audit.user.credentials.deleted","message":"n8n.audit.user.credentials.deleted","payload":{"userId":"1820e7cf-5321-40e4-a3b8-4302991ce355","_email":"papalassane2003@hotmail.com","_firstName":"Papa Alassane","_lastName":"SECK","globalRole":"global:owner","credentialType":"microsoftOneDriveOAuth2Api","credentialId":"989kE9boGjImigjt"}}
{"__type":"$$EventMessageConfirm","confirm":"68b531e3-6a11-41b4-a193-427c5ab6bd9b","ts":"2026-01-29T15:31:26.183+00:00","source":{"id":"0","name":"eventBus"}}
{"__type":"$$EventMessageWorkflow","id":"1df78248-a5d7-45a5-b218-99d326357a2f","ts":"2026-01-29T15:31:41.691+00:00","eventName":"n8n.workflow.started","message":"n8n.workflow.started","payload":{"executionId":"29","workflowId":"o7uPRFJUL35VhQJWgKc_B","isManual":false,"workflowName":"My workflow"}}
{"__type":"$$EventMessageConfirm","confirm":"1df78248-a5d7-45a5-b218-99d326357a2f","ts":"2026-01-29T15:31:41.692+00:00","source":{"id":"0","name":"eventBus"}}
{"__type":"$$EventMessageWorkflow","id":"35a714a7-678e-484f-a647-d92424fcaeaf","ts":"2026-01-29T15:31:41.698+00:00","eventName":"n8n.workflow.success","message":"n8n.workflow.success","payload":{"userId":"1820e7cf-5321-40e4-a3b8-4302991ce355","executionId":"29","success":true,"isManual":true,"workflowId":"o7uPRFJUL35VhQJWgKc_B","workflowName":"My workflow"}}
{"__type":"$$EventMessageConfirm","confirm":"35a714a7-678e-484f-a647-d92424fcaeaf","ts":"2026-01-29T15:31:41.698+00:00","source":{"id":"0","name":"eventBus"}}
{"__type":"$$EventMessageWorkflow","id":"96b73d12-31c2-43a7-ab6f-efb830d500a0","ts":"2026-01-29T15:31:44.309+00:00","eventName":"n8n.workflow.started","message":"n8n.workflow.started","payload":{"executionId":"30","workflowId":"o7uPRFJUL35VhQJWgKc_B","isManual":false,"workflowName":"My workflow"}}
{"__type":"$$EventMessageConfirm","confirm":"96b73d12-31c2-43a7-ab6f-efb830d500a0","ts":"2026-01-29T15:31:44.309+00:00","source":{"id":"0","name":"eventBus"}}
{"__type":"$$EventMessageWorkflow","id":"0db7da62-15e2-457b-832e-fe98c9182a7b","ts":"2026-01-29T15:31:44.316+00:00","eventName":"n8n.workflow.success","message":"n8n.workflow.success","payload":{"userId":"1820e7cf-5321-40e4-a3b8-4302991ce355","executionId":"30","success":true,"isManual":true,"workflowId":"o7uPRFJUL35VhQJWgKc_B","workflowName":"My workflow"}}
{"__type":"$$EventMessageConfirm","confirm":"0db7da62-15e2-457b-832e-fe98c9182a7b","ts":"2026-01-29T15:31:44.317+00:00","source":{"id":"0","name":"eventBus"}}
{"__type":"$$EventMessageAudit","id":"d204230e-e814-4d4d-a446-4062aa0077a3","ts":"2026-01-29T15:44:44.430+00:00","eventName":"n8n.audit.workflow.updated","message":"n8n.audit.workflow.updated","payload":{"userId":"1820e7cf-5321-40e4-a3b8-4302991ce355","_email":"papalassane2003@hotmail.com","_firstName":"Papa Alassane","_lastName":"SECK","globalRole":"global:owner","workflowId":"o7uPRFJUL35VhQJWgKc_B","workflowName":"My workflow"}}
{"__type":"$$EventMessageConfirm","confirm":"d204230e-e814-4d4d-a446-4062aa0077a3","ts":"2026-01-29T15:44:44.431+00:00","source":{"id":"0","name":"eventBus"}}
{"__type":"$$EventMessageAudit","id":"3adc0962-5749-49e5-8bbf-a4ddce668557","ts":"2026-01-29T15:49:53.193+00:00","eventName":"n8n.audit.workflow.created","message":"n8n.audit.workflow.created","payload":{"userId":"1820e7cf-5321-40e4-a3b8-4302991ce355","_email":"papalassane2003@hotmail.com","_firstName":"Papa Alassane","_lastName":"SECK","globalRole":"global:owner","workflowId":"9wCkA2_PFU_HYqEGnOIoU","workflowName":"My workflow 2"}}
{"__type":"$$EventMessageConfirm","confirm":"3adc0962-5749-49e5-8bbf-a4ddce668557","ts":"2026-01-29T15:49:53.193+00:00","source":{"id":"0","name":"eventBus"}}
{"__type":"$$EventMessageWorkflow","id":"91e68531-cf7d-46ab-a3f4-99759c4d33ec","ts":"2026-01-29T15:49:53.386+00:00","eventName":"n8n.workflow.started","message":"n8n.workflow.started","payload":{"executionId":"31","workflowId":"9wCkA2_PFU_HYqEGnOIoU","isManual":false,"workflowName":"My workflow 2"}}
{"__type":"$$EventMessageConfirm","confirm":"91e68531-cf7d-46ab-a3f4-99759c4d33ec","ts":"2026-01-29T15:49:53.386+00:00","source":{"id":"0","name":"eventBus"}}
{"__type":"$$EventMessageNode","id":"3ea6d829-679e-45da-940c-d765947d0cc1","ts":"2026-01-29T15:49:53.391+00:00","eventName":"n8n.node.started","message":"n8n.node.started","payload":{"workflowId":"9wCkA2_PFU_HYqEGnOIoU","workflowName":"My workflow 2","executionId":"31","nodeType":"n8n-nodes-base.scheduleTrigger","nodeName":"Schedule Trigger","nodeId":"a83e0dcf-5895-4f8f-ba9e-5e254548fb06"}}
{"__type":"$$EventMessageConfirm","confirm":"3ea6d829-679e-45da-940c-d765947d0cc1","ts":"2026-01-29T15:49:53.391+00:00","source":{"id":"0","name":"eventBus"}}
{"__type":"$$EventMessageNode","id":"373cd2ee-e50a-4846-b22a-a95c24fb2a5b","ts":"2026-01-29T15:49:53.427+00:00","eventName":"n8n.node.finished","message":"n8n.node.finished","payload":{"workflowId":"9wCkA2_PFU_HYqEGnOIoU","workflowName":"My workflow 2","executionId":"31","nodeType":"n8n-nodes-base.scheduleTrigger","nodeName":"Schedule Trigger","nodeId":"a83e0dcf-5895-4f8f-ba9e-5e254548fb06"}}
{"__type":"$$EventMessageConfirm","confirm":"373cd2ee-e50a-4846-b22a-a95c24fb2a5b","ts":"2026-01-29T15:49:53.427+00:00","source":{"id":"0","name":"eventBus"}}
{"__type":"$$EventMessageWorkflow","id":"3199e5b1-2ebd-4b6b-a912-2e6c1c66c95a","ts":"2026-01-29T15:49:53.436+00:00","eventName":"n8n.workflow.success","message":"n8n.workflow.success","payload":{"userId":"1820e7cf-5321-40e4-a3b8-4302991ce355","executionId":"31","success":true,"isManual":true,"workflowId":"9wCkA2_PFU_HYqEGnOIoU","workflowName":"My workflow 2"}}
{"__type":"$$EventMessageConfirm","confirm":"3199e5b1-2ebd-4b6b-a912-2e6c1c66c95a","ts":"2026-01-29T15:49:53.436+00:00","source":{"id":"0","name":"eventBus"}}
{"__type":"$$EventMessageWorkflow","id":"ddd76789-2eea-4a89-8ea2-783388c8cb4e","ts":"2026-01-29T15:51:22.333+00:00","eventName":"n8n.workflow.started","message":"n8n.workflow.started","payload":{"executionId":"32","workflowId":"9wCkA2_PFU_HYqEGnOIoU","isManual":false,"workflowName":"My workflow 2"}}
{"__type":"$$EventMessageConfirm","confirm":"ddd76789-2eea-4a89-8ea2-783388c8cb4e","ts":"2026-01-29T15:51:22.333+00:00","source":{"id":"0","name":"eventBus"}}
{"__type":"$$EventMessageNode","id":"61c307b5-27fa-4e89-b044-39127a397138","ts":"2026-01-29T15:51:22.336+00:00","eventName":"n8n.node.started","message":"n8n.node.started","payload":{"workflowId":"9wCkA2_PFU_HYqEGnOIoU","workflowName":"My workflow 2","executionId":"32","nodeType":"n8n-nodes-base.httpRequest","nodeName":"HTTP Request","nodeId":"6f27dd8b-981c-4832-8076-5a8165772202"}}
{"__type":"$$EventMessageConfirm","confirm":"61c307b5-27fa-4e89-b044-39127a397138","ts":"2026-01-29T15:51:22.336+00:00","source":{"id":"0","name":"eventBus"}}
{"__type":"$$EventMessageNode","id":"0b73eae9-8451-436c-84f8-816dc9749271","ts":"2026-01-29T15:51:22.992+00:00","eventName":"n8n.node.finished","message":"n8n.node.finished","payload":{"workflowId":"9wCkA2_PFU_HYqEGnOIoU","workflowName":"My workflow 2","executionId":"32","nodeType":"n8n-nodes-base.httpRequest","nodeName":"HTTP Request","nodeId":"6f27dd8b-981c-4832-8076-5a8165772202"}}
{"__type":"$$EventMessageConfirm","confirm":"0b73eae9-8451-436c-84f8-816dc9749271","ts":"2026-01-29T15:51:22.992+00:00","source":{"id":"0","name":"eventBus"}}
{"__type":"$$EventMessageWorkflow","id":"ca9f7b03-7e60-4ffe-acfa-d558e658cd4c","ts":"2026-01-29T15:51:23.006+00:00","eventName":"n8n.workflow.success","message":"n8n.workflow.success","payload":{"userId":"1820e7cf-5321-40e4-a3b8-4302991ce355","executionId":"32","success":true,"isManual":true,"workflowId":"9wCkA2_PFU_HYqEGnOIoU","workflowName":"My workflow 2"}}
{"__type":"$$EventMessageConfirm","confirm":"ca9f7b03-7e60-4ffe-acfa-d558e658cd4c","ts":"2026-01-29T15:51:23.006+00:00","source":{"id":"0","name":"eventBus"}}
{"__type":"$$EventMessageWorkflow","id":"ff911e0e-9e3b-48c7-bbf1-a15c6fe55d0e","ts":"2026-01-29T15:54:09.038+00:00","eventName":"n8n.workflow.started","message":"n8n.workflow.started","payload":{"executionId":"33","workflowId":"9wCkA2_PFU_HYqEGnOIoU","isManual":false,"workflowName":"My workflow 2"}}
{"__type":"$$EventMessageConfirm","confirm":"ff911e0e-9e3b-48c7-bbf1-a15c6fe55d0e","ts":"2026-01-29T15:54:09.038+00:00","source":{"id":"0","name":"eventBus"}}
{"__type":"$$EventMessageNode","id":"93c9339c-3f5b-4bec-b9ea-474bdd546f6e","ts":"2026-01-29T15:54:09.039+00:00","eventName":"n8n.node.started","message":"n8n.node.started","payload":{"workflowId":"9wCkA2_PFU_HYqEGnOIoU","workflowName":"My workflow 2","executionId":"33","nodeType":"n8n-nodes-base.httpRequest","nodeName":"HTTP Request","nodeId":"6f27dd8b-981c-4832-8076-5a8165772202"}}
{"__type":"$$EventMessageConfirm","confirm":"93c9339c-3f5b-4bec-b9ea-474bdd546f6e","ts":"2026-01-29T15:54:09.039+00:00","source":{"id":"0","name":"eventBus"}}
{"__type":"$$EventMessageNode","id":"934d287e-b0c4-46b1-b03b-151f9eb2b115","ts":"2026-01-29T15:54:09.452+00:00","eventName":"n8n.node.finished","message":"n8n.node.finished","payload":{"workflowId":"9wCkA2_PFU_HYqEGnOIoU","workflowName":"My workflow 2","executionId":"33","nodeType":"n8n-nodes-base.httpRequest","nodeName":"HTTP Request","nodeId":"6f27dd8b-981c-4832-8076-5a8165772202"}}
{"__type":"$$EventMessageConfirm","confirm":"934d287e-b0c4-46b1-b03b-151f9eb2b115","ts":"2026-01-29T15:54:09.452+00:00","source":{"id":"0","name":"eventBus"}}
{"__type":"$$EventMessageWorkflow","id":"b91eb65e-bd8a-4ae1-a06d-6688a7bbc4c5","ts":"2026-01-29T15:54:09.465+00:00","eventName":"n8n.workflow.success","message":"n8n.workflow.success","payload":{"userId":"1820e7cf-5321-40e4-a3b8-4302991ce355","executionId":"33","success":true,"isManual":true,"workflowId":"9wCkA2_PFU_HYqEGnOIoU","workflowName":"My workflow 2"}}
{"__type":"$$EventMessageConfirm","confirm":"b91eb65e-bd8a-4ae1-a06d-6688a7bbc4c5","ts":"2026-01-29T15:54:09.465+00:00","source":{"id":"0","name":"eventBus"}}
{"__type":"$$EventMessageAudit","id":"403cbdf7-e4df-4170-a289-738299247b3d","ts":"2026-01-29T15:58:22.549+00:00","eventName":"n8n.audit.workflow.updated","message":"n8n.audit.workflow.updated","payload":{"userId":"1820e7cf-5321-40e4-a3b8-4302991ce355","_email":"papalassane2003@hotmail.com","_firstName":"Papa Alassane","_lastName":"SECK","globalRole":"global:owner","workflowId":"9wCkA2_PFU_HYqEGnOIoU","workflowName":"linkdin alerts"}}
{"__type":"$$EventMessageConfirm","confirm":"403cbdf7-e4df-4170-a289-738299247b3d","ts":"2026-01-29T15:58:22.549+00:00","source":{"id":"0","name":"eventBus"}}
{"__type":"$$EventMessageAudit","id":"82e223ba-8e2d-4eaa-8add-9877b903cc72","ts":"2026-01-29T16:08:39.946+00:00","eventName":"n8n.audit.user.credentials.created","message":"n8n.audit.user.credentials.created","payload":{"userId":"1820e7cf-5321-40e4-a3b8-4302991ce355","_email":"papalassane2003@hotmail.com","_firstName":"Papa Alassane","_lastName":"SECK","globalRole":"global:owner","credentialType":"googleDriveOAuth2Api","credentialId":"PpS729VTtx9fATX1","publicApi":false,"projectId":"rF5Z58dVqZUf5KZZ","projectType":"personal"}}
{"__type":"$$EventMessageConfirm","confirm":"82e223ba-8e2d-4eaa-8add-9877b903cc72","ts":"2026-01-29T16:08:39.947+00:00","source":{"id":"0","name":"eventBus"}}
{"__type":"$$EventMessageAudit","id":"3b415ce2-5022-407c-9554-4323912662ff","ts":"2026-01-29T16:09:50.629+00:00","eventName":"n8n.audit.user.credentials.updated","message":"n8n.audit.user.credentials.updated","payload":{"userId":"1820e7cf-5321-40e4-a3b8-4302991ce355","_email":"papalassane2003@hotmail.com","_firstName":"Papa Alassane","_lastName":"SECK","globalRole":"global:owner","credentialType":"googleDriveOAuth2Api","credentialId":"PpS729VTtx9fATX1"}}
{"__type":"$$EventMessageConfirm","confirm":"3b415ce2-5022-407c-9554-4323912662ff","ts":"2026-01-29T16:09:50.629+00:00","source":{"id":"0","name":"eventBus"}}
{"__type":"$$EventMessageAudit","id":"e7b0d61a-fedc-4fe0-a123-22fc5c9774f5","ts":"2026-01-29T16:13:48.913+00:00","eventName":"n8n.audit.user.credentials.updated","message":"n8n.audit.user.credentials.updated","payload":{"userId":"1820e7cf-5321-40e4-a3b8-4302991ce355","_email":"papalassane2003@hotmail.com","_firstName":"Papa Alassane","_lastName":"SECK","globalRole":"global:owner","credentialType":"googleDriveOAuth2Api","credentialId":"PpS729VTtx9fATX1"}}
{"__type":"$$EventMessageConfirm","confirm":"e7b0d61a-fedc-4fe0-a123-22fc5c9774f5","ts":"2026-01-29T16:13:48.913+00:00","source":{"id":"0","name":"eventBus"}}
{"__type":"$$EventMessageAudit","id":"e79cbd1f-6ccb-4bfc-9d50-51528eaa56ce","ts":"2026-01-29T16:16:25.013+00:00","eventName":"n8n.audit.user.credentials.updated","message":"n8n.audit.user.credentials.updated","payload":{"userId":"1820e7cf-5321-40e4-a3b8-4302991ce355","_email":"papalassane2003@hotmail.com","_firstName":"Papa Alassane","_lastName":"SECK","globalRole":"global:owner","credentialType":"googleDriveOAuth2Api","credentialId":"PpS729VTtx9fATX1"}}
{"__type":"$$EventMessageConfirm","confirm":"e79cbd1f-6ccb-4bfc-9d50-51528eaa56ce","ts":"2026-01-29T16:16:25.014+00:00","source":{"id":"0","name":"eventBus"}}
{"__type":"$$EventMessageAudit","id":"dcf91561-6a80-4c5c-ba2d-f271669303b7","ts":"2026-01-29T16:21:49.468+00:00","eventName":"n8n.audit.user.credentials.updated","message":"n8n.audit.user.credentials.updated","payload":{"userId":"1820e7cf-5321-40e4-a3b8-4302991ce355","_email":"papalassane2003@hotmail.com","_firstName":"Papa Alassane","_lastName":"SECK","globalRole":"global:owner","credentialType":"googleDriveOAuth2Api","credentialId":"PpS729VTtx9fATX1"}}
{"__type":"$$EventMessageConfirm","confirm":"dcf91561-6a80-4c5c-ba2d-f271669303b7","ts":"2026-01-29T16:21:49.469+00:00","source":{"id":"0","name":"eventBus"}}
{"__type":"$$EventMessageAudit","id":"239dd168-0341-4980-bede-1ab940094922","ts":"2026-01-29T16:24:30.375+00:00","eventName":"n8n.audit.user.credentials.updated","message":"n8n.audit.user.credentials.updated","payload":{"userId":"1820e7cf-5321-40e4-a3b8-4302991ce355","_email":"papalassane2003@hotmail.com","_firstName":"Papa Alassane","_lastName":"SECK","globalRole":"global:owner","credentialType":"googleDriveOAuth2Api","credentialId":"PpS729VTtx9fATX1"}}
{"__type":"$$EventMessageConfirm","confirm":"239dd168-0341-4980-bede-1ab940094922","ts":"2026-01-29T16:24:30.375+00:00","source":{"id":"0","name":"eventBus"}}
{"__type":"$$EventMessageWorkflow","id":"feb46bd5-bb71-4c03-92a4-295a7caa5736","ts":"2026-01-29T16:32:17.261+00:00","eventName":"n8n.workflow.started","message":"n8n.workflow.started","payload":{"executionId":"34","workflowId":"o7uPRFJUL35VhQJWgKc_B","isManual":false,"workflowName":"My workflow"}}
{"__type":"$$EventMessageConfirm","confirm":"feb46bd5-bb71-4c03-92a4-295a7caa5736","ts":"2026-01-29T16:32:17.261+00:00","source":{"id":"0","name":"eventBus"}}
{"__type":"$$EventMessageNode","id":"39af1ff0-f7e9-476c-a3aa-ca507fb7e4b4","ts":"2026-01-29T16:32:17.264+00:00","eventName":"n8n.node.started","message":"n8n.node.started","payload":{"workflowId":"o7uPRFJUL35VhQJWgKc_B","workflowName":"My workflow","executionId":"34","nodeType":"n8n-nodes-base.manualTrigger","nodeName":"When clicking ‘Execute workflow’","nodeId":"61e30d14-fcad-4091-8aa4-a17caa174245"}}
{"__type":"$$EventMessageConfirm","confirm":"39af1ff0-f7e9-476c-a3aa-ca507fb7e4b4","ts":"2026-01-29T16:32:17.264+00:00","source":{"id":"0","name":"eventBus"}}
{"__type":"$$EventMessageNode","id":"87532553-5333-49b7-8f7c-4ccf92992b95","ts":"2026-01-29T16:32:17.270+00:00","eventName":"n8n.node.finished","message":"n8n.node.finished","payload":{"workflowId":"o7uPRFJUL35VhQJWgKc_B","workflowName":"My workflow","executionId":"34","nodeType":"n8n-nodes-base.manualTrigger","nodeName":"When clicking ‘Execute workflow’","nodeId":"61e30d14-fcad-4091-8aa4-a17caa174245"}}
{"__type":"$$EventMessageConfirm","confirm":"87532553-5333-49b7-8f7c-4ccf92992b95","ts":"2026-01-29T16:32:17.270+00:00","source":{"id":"0","name":"eventBus"}}
{"__type":"$$EventMessageNode","id":"ea439d70-787a-4b13-b913-ecffca73c13e","ts":"2026-01-29T16:32:17.271+00:00","eventName":"n8n.node.started","message":"n8n.node.started","payload":{"workflowId":"o7uPRFJUL35VhQJWgKc_B","workflowName":"My workflow","executionId":"34","nodeType":"n8n-nodes-base.googleDrive","nodeName":"Download file","nodeId":"314cf4ec-5868-4f18-90ad-e281a9f6917c"}}
{"__type":"$$EventMessageConfirm","confirm":"ea439d70-787a-4b13-b913-ecffca73c13e","ts":"2026-01-29T16:32:17.271+00:00","source":{"id":"0","name":"eventBus"}}
{"__type":"$$EventMessageNode","id":"a10bac0d-4897-4488-b091-5490ab5a58e6","ts":"2026-01-29T16:32:27.441+00:00","eventName":"n8n.node.finished","message":"n8n.node.finished","payload":{"workflowId":"o7uPRFJUL35VhQJWgKc_B","workflowName":"My workflow","executionId":"34","nodeType":"n8n-nodes-base.googleDrive","nodeName":"Download file","nodeId":"314cf4ec-5868-4f18-90ad-e281a9f6917c"}}
{"__type":"$$EventMessageConfirm","confirm":"a10bac0d-4897-4488-b091-5490ab5a58e6","ts":"2026-01-29T16:32:27.441+00:00","source":{"id":"0","name":"eventBus"}}
{"__type":"$$EventMessageWorkflow","id":"c608b9fd-3027-4e8f-ae77-e43421fa37c7","ts":"2026-01-29T16:32:27.453+00:00","eventName":"n8n.workflow.success","message":"n8n.workflow.success","payload":{"userId":"1820e7cf-5321-40e4-a3b8-4302991ce355","executionId":"34","success":true,"isManual":true,"workflowId":"o7uPRFJUL35VhQJWgKc_B","workflowName":"My workflow"}}
{"__type":"$$EventMessageConfirm","confirm":"c608b9fd-3027-4e8f-ae77-e43421fa37c7","ts":"2026-01-29T16:32:27.453+00:00","source":{"id":"0","name":"eventBus"}}
{"__type":"$$EventMessageAudit","id":"49b15f99-4d82-459a-841e-946757c868e2","ts":"2026-01-29T16:33:20.823+00:00","eventName":"n8n.audit.workflow.updated","message":"n8n.audit.workflow.updated","payload":{"userId":"1820e7cf-5321-40e4-a3b8-4302991ce355","_email":"papalassane2003@hotmail.com","_firstName":"Papa Alassane","_lastName":"SECK","globalRole":"global:owner","workflowId":"o7uPRFJUL35VhQJWgKc_B","workflowName":"google drive access"}}
{"__type":"$$EventMessageConfirm","confirm":"49b15f99-4d82-459a-841e-946757c868e2","ts":"2026-01-29T16:33:20.823+00:00","source":{"id":"0","name":"eventBus"}}
{"__type":"$$EventMessageWorkflow","id":"747972a3-d349-4803-92cf-ba9b49ca3316","ts":"2026-01-29T16:35:05.849+00:00","eventName":"n8n.workflow.started","message":"n8n.workflow.started","payload":{"executionId":"35","workflowId":"4-Rm_h8iAk6_kKZzxanP4","isManual":false,"workflowName":"premier workflow"}}
{"__type":"$$EventMessageConfirm","confirm":"747972a3-d349-4803-92cf-ba9b49ca3316","ts":"2026-01-29T16:35:05.849+00:00","source":{"id":"0","name":"eventBus"}}
{"__type":"$$EventMessageNode","id":"d3744a85-8983-4217-baf8-0dccf7bd93ba","ts":"2026-01-29T16:35:05.850+00:00","eventName":"n8n.node.started","message":"n8n.node.started","payload":{"workflowId":"4-Rm_h8iAk6_kKZzxanP4","workflowName":"premier workflow","executionId":"35","nodeType":"n8n-nodes-base.manualTrigger","nodeName":"When clicking ‘Execute workflow’","nodeId":"73119df2-3576-4de9-b728-ca8a090a77f1"}}
{"__type":"$$EventMessageConfirm","confirm":"d3744a85-8983-4217-baf8-0dccf7bd93ba","ts":"2026-01-29T16:35:05.850+00:00","source":{"id":"0","name":"eventBus"}}
{"__type":"$$EventMessageNode","id":"02b2b977-8414-4b7c-b926-33fe24b1dcfd","ts":"2026-01-29T16:35:05.853+00:00","eventName":"n8n.node.finished","message":"n8n.node.finished","payload":{"workflowId":"4-Rm_h8iAk6_kKZzxanP4","workflowName":"premier workflow","executionId":"35","nodeType":"n8n-nodes-base.manualTrigger","nodeName":"When clicking ‘Execute workflow’","nodeId":"73119df2-3576-4de9-b728-ca8a090a77f1"}}
{"__type":"$$EventMessageConfirm","confirm":"02b2b977-8414-4b7c-b926-33fe24b1dcfd","ts":"2026-01-29T16:35:05.853+00:00","source":{"id":"0","name":"eventBus"}}
{"__type":"$$EventMessageNode","id":"703da8d1-faef-4543-87d8-79dd76edd97f","ts":"2026-01-29T16:35:05.854+00:00","eventName":"n8n.node.started","message":"n8n.node.started","payload":{"workflowId":"4-Rm_h8iAk6_kKZzxanP4","workflowName":"premier workflow","executionId":"35","nodeType":"n8n-nodes-base.microsoftOneDrive","nodeName":"Download a file","nodeId":"8cebeb94-4a15-4aaf-a182-c63a485cdcca"}}
{"__type":"$$EventMessageConfirm","confirm":"703da8d1-faef-4543-87d8-79dd76edd97f","ts":"2026-01-29T16:35:05.854+00:00","source":{"id":"0","name":"eventBus"}}
{"__type":"$$EventMessageNode","id":"2fb21da0-88fc-438c-9406-4cc9010994a3","ts":"2026-01-29T16:35:06.484+00:00","eventName":"n8n.node.finished","message":"n8n.node.finished","payload":{"workflowId":"4-Rm_h8iAk6_kKZzxanP4","workflowName":"premier workflow","executionId":"35","nodeType":"n8n-nodes-base.microsoftOneDrive","nodeName":"Download a file","nodeId":"8cebeb94-4a15-4aaf-a182-c63a485cdcca"}}
{"__type":"$$EventMessageConfirm","confirm":"2fb21da0-88fc-438c-9406-4cc9010994a3","ts":"2026-01-29T16:35:06.484+00:00","source":{"id":"0","name":"eventBus"}}
{"__type":"$$EventMessageWorkflow","id":"6047c869-feca-48df-bb20-578b0b64ad92","ts":"2026-01-29T16:35:06.488+00:00","eventName":"n8n.workflow.failed","message":"n8n.workflow.failed","payload":{"userId":"1820e7cf-5321-40e4-a3b8-4302991ce355","executionId":"35","success":false,"isManual":true,"workflowId":"4-Rm_h8iAk6_kKZzxanP4","workflowName":"premier workflow","lastNodeExecuted":"Download a file","errorNodeType":"n8n-nodes-base.microsoftOneDrive","errorMessage":"connect ENETUNREACH 2603:1027:1:d8::5:443 - Local (:::0)"}}
{"__type":"$$EventMessageConfirm","confirm":"6047c869-feca-48df-bb20-578b0b64ad92","ts":"2026-01-29T16:35:06.488+00:00","source":{"id":"0","name":"eventBus"}}
{"__type":"$$EventMessageWorkflow","id":"1b1a4313-2ed3-45ca-9665-2ff5d32b64fd","ts":"2026-01-29T16:35:25.568+00:00","eventName":"n8n.workflow.started","message":"n8n.workflow.started","payload":{"executionId":"36","workflowId":"4-Rm_h8iAk6_kKZzxanP4","isManual":false,"workflowName":"premier workflow"}}
{"__type":"$$EventMessageConfirm","confirm":"1b1a4313-2ed3-45ca-9665-2ff5d32b64fd","ts":"2026-01-29T16:35:25.568+00:00","source":{"id":"0","name":"eventBus"}}
{"__type":"$$EventMessageNode","id":"a72592b1-06b0-425a-a934-6f8d90274195","ts":"2026-01-29T16:35:25.569+00:00","eventName":"n8n.node.started","message":"n8n.node.started","payload":{"workflowId":"4-Rm_h8iAk6_kKZzxanP4","workflowName":"premier workflow","executionId":"36","nodeType":"n8n-nodes-base.microsoftOneDrive","nodeName":"Search a file","nodeId":"8cebeb94-4a15-4aaf-a182-c63a485cdcca"}}
{"__type":"$$EventMessageConfirm","confirm":"a72592b1-06b0-425a-a934-6f8d90274195","ts":"2026-01-29T16:35:25.569+00:00","source":{"id":"0","name":"eventBus"}}
{"__type":"$$EventMessageNode","id":"c601e701-ac9e-4e88-bd7e-cc30f153b702","ts":"2026-01-29T16:35:25.788+00:00","eventName":"n8n.node.finished","message":"n8n.node.finished","payload":{"workflowId":"4-Rm_h8iAk6_kKZzxanP4","workflowName":"premier workflow","executionId":"36","nodeType":"n8n-nodes-base.microsoftOneDrive","nodeName":"Search a file","nodeId":"8cebeb94-4a15-4aaf-a182-c63a485cdcca"}}
{"__type":"$$EventMessageConfirm","confirm":"c601e701-ac9e-4e88-bd7e-cc30f153b702","ts":"2026-01-29T16:35:25.788+00:00","source":{"id":"0","name":"eventBus"}}
{"__type":"$$EventMessageWorkflow","id":"ba788a53-8d8e-420d-ae4f-444a89add240","ts":"2026-01-29T16:35:25.791+00:00","eventName":"n8n.workflow.failed","message":"n8n.workflow.failed","payload":{"userId":"1820e7cf-5321-40e4-a3b8-4302991ce355","executionId":"36","success":false,"isManual":true,"workflowId":"4-Rm_h8iAk6_kKZzxanP4","workflowName":"premier workflow","lastNodeExecuted":"Search a file","errorNodeType":"n8n-nodes-base.microsoftOneDrive","errorMessage":"connect ENETUNREACH 2603:1027:1:d8::5:443 - Local (:::0)"}}
{"__type":"$$EventMessageConfirm","confirm":"ba788a53-8d8e-420d-ae4f-444a89add240","ts":"2026-01-29T16:35:25.791+00:00","source":{"id":"0","name":"eventBus"}}
{"__type":"$$EventMessageWorkflow","id":"8d9861be-ef72-463d-8eb6-8e90e72b487a","ts":"2026-01-30T08:57:06.281+00:00","eventName":"n8n.workflow.started","message":"n8n.workflow.started","payload":{"executionId":"37","workflowId":"4-Rm_h8iAk6_kKZzxanP4","isManual":false,"workflowName":"premier workflow"}}
{"__type":"$$EventMessageConfirm","confirm":"8d9861be-ef72-463d-8eb6-8e90e72b487a","ts":"2026-01-30T08:57:06.283+00:00","source":{"id":"0","name":"eventBus"}}
{"__type":"$$EventMessageNode","id":"6ceb38f0-5f2d-4cf3-a4b5-6c2b44d57c87","ts":"2026-01-30T08:57:06.292+00:00","eventName":"n8n.node.started","message":"n8n.node.started","payload":{"workflowId":"4-Rm_h8iAk6_kKZzxanP4","workflowName":"premier workflow","executionId":"37","nodeType":"n8n-nodes-base.microsoftOneDrive","nodeName":"Search a file","nodeId":"8cebeb94-4a15-4aaf-a182-c63a485cdcca"}}
{"__type":"$$EventMessageConfirm","confirm":"6ceb38f0-5f2d-4cf3-a4b5-6c2b44d57c87","ts":"2026-01-30T08:57:06.292+00:00","source":{"id":"0","name":"eventBus"}}
{"__type":"$$EventMessageNode","id":"cb37f3ee-372c-43c6-b1bb-40bd8c01ba4e","ts":"2026-01-30T08:57:06.697+00:00","eventName":"n8n.node.finished","message":"n8n.node.finished","payload":{"workflowId":"4-Rm_h8iAk6_kKZzxanP4","workflowName":"premier workflow","executionId":"37","nodeType":"n8n-nodes-base.microsoftOneDrive","nodeName":"Search a file","nodeId":"8cebeb94-4a15-4aaf-a182-c63a485cdcca"}}
{"__type":"$$EventMessageConfirm","confirm":"cb37f3ee-372c-43c6-b1bb-40bd8c01ba4e","ts":"2026-01-30T08:57:06.697+00:00","source":{"id":"0","name":"eventBus"}}
{"__type":"$$EventMessageWorkflow","id":"fc7eb2d1-1415-47b7-b724-fecc3ee08be7","ts":"2026-01-30T08:57:06.708+00:00","eventName":"n8n.workflow.failed","message":"n8n.workflow.failed","payload":{"userId":"1820e7cf-5321-40e4-a3b8-4302991ce355","executionId":"37","success":false,"isManual":true,"workflowId":"4-Rm_h8iAk6_kKZzxanP4","workflowName":"premier workflow","lastNodeExecuted":"Search a file","errorNodeType":"n8n-nodes-base.microsoftOneDrive","errorMessage":"connect ENETUNREACH 2603:1026:3000:148::12:443 - Local (:::0)"}}
{"__type":"$$EventMessageConfirm","confirm":"fc7eb2d1-1415-47b7-b724-fecc3ee08be7","ts":"2026-01-30T08:57:06.709+00:00","source":{"id":"0","name":"eventBus"}}
{"__type":"$$EventMessageWorkflow","id":"af57eff7-a740-4134-98e8-8fb444297164","ts":"2026-01-30T09:27:38.258+00:00","eventName":"n8n.workflow.started","message":"n8n.workflow.started","payload":{"executionId":"38","workflowId":"4-Rm_h8iAk6_kKZzxanP4","isManual":false,"workflowName":"premier workflow"}}
{"__type":"$$EventMessageConfirm","confirm":"af57eff7-a740-4134-98e8-8fb444297164","ts":"2026-01-30T09:27:38.260+00:00","source":{"id":"0","name":"eventBus"}}
{"__type":"$$EventMessageNode","id":"45ac38c3-87da-42b3-91c6-2b929f830f73","ts":"2026-01-30T09:27:38.265+00:00","eventName":"n8n.node.started","message":"n8n.node.started","payload":{"workflowId":"4-Rm_h8iAk6_kKZzxanP4","workflowName":"premier workflow","executionId":"38","nodeType":"n8n-nodes-base.microsoftOneDrive","nodeName":"Download a file","nodeId":"8cebeb94-4a15-4aaf-a182-c63a485cdcca"}}
{"__type":"$$EventMessageConfirm","confirm":"45ac38c3-87da-42b3-91c6-2b929f830f73","ts":"2026-01-30T09:27:38.265+00:00","source":{"id":"0","name":"eventBus"}}
{"__type":"$$EventMessageNode","id":"fffe7b50-56c9-4439-b86e-3acbb0a7e321","ts":"2026-01-30T09:27:38.622+00:00","eventName":"n8n.node.finished","message":"n8n.node.finished","payload":{"workflowId":"4-Rm_h8iAk6_kKZzxanP4","workflowName":"premier workflow","executionId":"38","nodeType":"n8n-nodes-base.microsoftOneDrive","nodeName":"Download a file","nodeId":"8cebeb94-4a15-4aaf-a182-c63a485cdcca"}}
{"__type":"$$EventMessageConfirm","confirm":"fffe7b50-56c9-4439-b86e-3acbb0a7e321","ts":"2026-01-30T09:27:38.622+00:00","source":{"id":"0","name":"eventBus"}}
{"__type":"$$EventMessageWorkflow","id":"6675fa0e-2d4f-4e8c-ad27-c9b57df0fb78","ts":"2026-01-30T09:27:38.632+00:00","eventName":"n8n.workflow.failed","message":"n8n.workflow.failed","payload":{"userId":"1820e7cf-5321-40e4-a3b8-4302991ce355","executionId":"38","success":false,"isManual":true,"workflowId":"4-Rm_h8iAk6_kKZzxanP4","workflowName":"premier workflow","lastNodeExecuted":"Download a file","errorNodeType":"n8n-nodes-base.microsoftOneDrive","errorMessage":"connect ENETUNREACH 2603:1026:3000:d0::b:443 - Local (:::0)"}}
{"__type":"$$EventMessageConfirm","confirm":"6675fa0e-2d4f-4e8c-ad27-c9b57df0fb78","ts":"2026-01-30T09:27:38.632+00:00","source":{"id":"0","name":"eventBus"}}
{"__type":"$$EventMessageWorkflow","id":"fbd4364c-0e1a-4eec-8dee-430529076aa8","ts":"2026-01-30T09:28:03.877+00:00","eventName":"n8n.workflow.failed","message":"n8n.workflow.failed","payload":{"userId":"1820e7cf-5321-40e4-a3b8-4302991ce355","executionId":"39","success":false,"isManual":true,"workflowId":"4-Rm_h8iAk6_kKZzxanP4","workflowName":"premier workflow","errorMessage":"The workflow has issues and cannot be executed for that reason. Please fix them first."}}
{"__type":"$$EventMessageConfirm","confirm":"fbd4364c-0e1a-4eec-8dee-430529076aa8","ts":"2026-01-30T09:28:03.877+00:00","source":{"id":"0","name":"eventBus"}}
{"__type":"$$EventMessageWorkflow","id":"1268a739-5956-40fb-9197-a5495e61a26b","ts":"2026-01-30T09:28:07.963+00:00","eventName":"n8n.workflow.started","message":"n8n.workflow.started","payload":{"executionId":"40","workflowId":"4-Rm_h8iAk6_kKZzxanP4","isManual":false,"workflowName":"premier workflow"}}
{"__type":"$$EventMessageConfirm","confirm":"1268a739-5956-40fb-9197-a5495e61a26b","ts":"2026-01-30T09:28:07.963+00:00","source":{"id":"0","name":"eventBus"}}
{"__type":"$$EventMessageNode","id":"94cb3cfb-72cf-489a-804c-8e8b22a5eb04","ts":"2026-01-30T09:28:07.965+00:00","eventName":"n8n.node.started","message":"n8n.node.started","payload":{"workflowId":"4-Rm_h8iAk6_kKZzxanP4","workflowName":"premier workflow","executionId":"40","nodeType":"n8n-nodes-base.manualTrigger","nodeName":"When clicking ‘Execute workflow’","nodeId":"73119df2-3576-4de9-b728-ca8a090a77f1"}}
{"__type":"$$EventMessageConfirm","confirm":"94cb3cfb-72cf-489a-804c-8e8b22a5eb04","ts":"2026-01-30T09:28:07.965+00:00","source":{"id":"0","name":"eventBus"}}
{"__type":"$$EventMessageNode","id":"70b7922e-d549-422a-8885-fa1fef34079d","ts":"2026-01-30T09:28:07.969+00:00","eventName":"n8n.node.finished","message":"n8n.node.finished","payload":{"workflowId":"4-Rm_h8iAk6_kKZzxanP4","workflowName":"premier workflow","executionId":"40","nodeType":"n8n-nodes-base.manualTrigger","nodeName":"When clicking ‘Execute workflow’","nodeId":"73119df2-3576-4de9-b728-ca8a090a77f1"}}
{"__type":"$$EventMessageConfirm","confirm":"70b7922e-d549-422a-8885-fa1fef34079d","ts":"2026-01-30T09:28:07.970+00:00","source":{"id":"0","name":"eventBus"}}
{"__type":"$$EventMessageWorkflow","id":"d78ab250-4312-4366-aca4-a67c8d2a3e74","ts":"2026-01-30T09:28:07.979+00:00","eventName":"n8n.workflow.success","message":"n8n.workflow.success","payload":{"userId":"1820e7cf-5321-40e4-a3b8-4302991ce355","executionId":"40","success":true,"isManual":true,"workflowId":"4-Rm_h8iAk6_kKZzxanP4","workflowName":"premier workflow"}}
{"__type":"$$EventMessageConfirm","confirm":"d78ab250-4312-4366-aca4-a67c8d2a3e74","ts":"2026-01-30T09:28:07.979+00:00","source":{"id":"0","name":"eventBus"}}
{"__type":"$$EventMessageWorkflow","id":"a7d0ae91-18c2-40d5-9a25-9cb24e1db944","ts":"2026-01-30T09:28:59.780+00:00","eventName":"n8n.workflow.started","message":"n8n.workflow.started","payload":{"executionId":"41","workflowId":"4-Rm_h8iAk6_kKZzxanP4","isManual":false,"workflowName":"premier workflow"}}
{"__type":"$$EventMessageConfirm","confirm":"a7d0ae91-18c2-40d5-9a25-9cb24e1db944","ts":"2026-01-30T09:28:59.780+00:00","source":{"id":"0","name":"eventBus"}}
{"__type":"$$EventMessageNode","id":"1ee76cbd-4657-4b8d-9f5d-956be1f1a260","ts":"2026-01-30T09:28:59.782+00:00","eventName":"n8n.node.started","message":"n8n.node.started","payload":{"workflowId":"4-Rm_h8iAk6_kKZzxanP4","workflowName":"premier workflow","executionId":"41","nodeType":"n8n-nodes-base.microsoftOneDrive","nodeName":"Get a file","nodeId":"8cebeb94-4a15-4aaf-a182-c63a485cdcca"}}
{"__type":"$$EventMessageConfirm","confirm":"1ee76cbd-4657-4b8d-9f5d-956be1f1a260","ts":"2026-01-30T09:28:59.782+00:00","source":{"id":"0","name":"eventBus"}}
{"__type":"$$EventMessageNode","id":"cdaa6608-2640-4775-ab6a-987b2ff99967","ts":"2026-01-30T09:29:00.064+00:00","eventName":"n8n.node.finished","message":"n8n.node.finished","payload":{"workflowId":"4-Rm_h8iAk6_kKZzxanP4","workflowName":"premier workflow","executionId":"41","nodeType":"n8n-nodes-base.microsoftOneDrive","nodeName":"Get a file","nodeId":"8cebeb94-4a15-4aaf-a182-c63a485cdcca"}}
{"__type":"$$EventMessageConfirm","confirm":"cdaa6608-2640-4775-ab6a-987b2ff99967","ts":"2026-01-30T09:29:00.064+00:00","source":{"id":"0","name":"eventBus"}}
{"__type":"$$EventMessageWorkflow","id":"11ec6e39-67ab-482e-a955-c08c885f1fbd","ts":"2026-01-30T09:29:00.069+00:00","eventName":"n8n.workflow.failed","message":"n8n.workflow.failed","payload":{"userId":"1820e7cf-5321-40e4-a3b8-4302991ce355","executionId":"41","success":false,"isManual":true,"workflowId":"4-Rm_h8iAk6_kKZzxanP4","workflowName":"premier workflow","lastNodeExecuted":"Get a file","errorNodeType":"n8n-nodes-base.microsoftOneDrive","errorMessage":"connect ENETUNREACH 2603:1026:3000:d0::b:443 - Local (:::0)"}}
{"__type":"$$EventMessageConfirm","confirm":"11ec6e39-67ab-482e-a955-c08c885f1fbd","ts":"2026-01-30T09:29:00.069+00:00","source":{"id":"0","name":"eventBus"}}
{"__type":"$$EventMessageWorkflow","id":"ccebd9b9-ec33-4d8a-bd03-3134545dae30","ts":"2026-01-30T09:29:32.382+00:00","eventName":"n8n.workflow.started","message":"n8n.workflow.started","payload":{"executionId":"42","workflowId":"4-Rm_h8iAk6_kKZzxanP4","isManual":false,"workflowName":"premier workflow"}}
{"__type":"$$EventMessageConfirm","confirm":"ccebd9b9-ec33-4d8a-bd03-3134545dae30","ts":"2026-01-30T09:29:32.382+00:00","source":{"id":"0","name":"eventBus"}}
{"__type":"$$EventMessageNode","id":"c50a19f8-32b6-4302-a146-8a41277b91ca","ts":"2026-01-30T09:29:32.385+00:00","eventName":"n8n.node.started","message":"n8n.node.started","payload":{"workflowId":"4-Rm_h8iAk6_kKZzxanP4","workflowName":"premier workflow","executionId":"42","nodeType":"n8n-nodes-base.microsoftOneDrive","nodeName":"Get a file","nodeId":"8cebeb94-4a15-4aaf-a182-c63a485cdcca"}}
{"__type":"$$EventMessageConfirm","confirm":"c50a19f8-32b6-4302-a146-8a41277b91ca","ts":"2026-01-30T09:29:32.385+00:00","source":{"id":"0","name":"eventBus"}}
{"__type":"$$EventMessageNode","id":"e9d5e432-a2e5-4baa-b6cb-53e43bb8b2fe","ts":"2026-01-30T09:29:32.567+00:00","eventName":"n8n.node.finished","message":"n8n.node.finished","payload":{"workflowId":"4-Rm_h8iAk6_kKZzxanP4","workflowName":"premier workflow","executionId":"42","nodeType":"n8n-nodes-base.microsoftOneDrive","nodeName":"Get a file","nodeId":"8cebeb94-4a15-4aaf-a182-c63a485cdcca"}}
{"__type":"$$EventMessageConfirm","confirm":"e9d5e432-a2e5-4baa-b6cb-53e43bb8b2fe","ts":"2026-01-30T09:29:32.567+00:00","source":{"id":"0","name":"eventBus"}}
{"__type":"$$EventMessageWorkflow","id":"cd460559-aa66-45ac-8874-5c38eec91581","ts":"2026-01-30T09:29:32.578+00:00","eventName":"n8n.workflow.failed","message":"n8n.workflow.failed","payload":{"userId":"1820e7cf-5321-40e4-a3b8-4302991ce355","executionId":"42","success":false,"isManual":true,"workflowId":"4-Rm_h8iAk6_kKZzxanP4","workflowName":"premier workflow","lastNodeExecuted":"Get a file","errorNodeType":"n8n-nodes-base.microsoftOneDrive","errorMessage":"connect ENETUNREACH 2603:1026:3000:d0::b:443 - Local (:::0)"}}
{"__type":"$$EventMessageConfirm","confirm":"cd460559-aa66-45ac-8874-5c38eec91581","ts":"2026-01-30T09:29:32.579+00:00","source":{"id":"0","name":"eventBus"}}
